python : C:\Users\sweth\AppD
ata\Local\Programs\Python\Py
thon39\lib\site-packages\tor
ch\nn\modules\rnn.py:123: 
UserWarning: dropout option 
adds dropout after all but 
last recurrent layer, so 
non-zero dropout expects 
num_layers greater than 1, 
but got dropout=0.2 and 
num_layers=1
At line:1 char:1
+ python app.py --share 
2>&1 | Out-File -Encoding 
utf8 app_share_v4.log
+ ~~~~~~~~~~~~~~~~~~~~~~~~~~
    + CategoryInfo          
    : NotSpecified: (C:\Us  
  ers\sweth\...nd num_lay   
 ers=1:String) [], Remot    
eException
    + FullyQualifiedErrorId 
    : NativeCommandError
 
  warnings.warn(
C:\Users\sweth\AppData\Local
\Programs\Python\Python39\li
b\site-packages\torch\nn\uti
ls\weight_norm.py:144: 
FutureWarning: `torch.nn.uti
ls.weight_norm` is 
deprecated in favor of `torc
h.nn.utils.parametrizations.
weight_norm`.
  WeightNorm.apply(module, 
name, dim)
[nltk_data] Downloading 
package punkt to
[nltk_data]     C:\Users\swe
th\AppData\Roaming\nltk_data
...
[nltk_data]   Package punkt 
is already up-to-date!
ERROR:    Exception in ASGI 
application
Traceback (most recent call 
last):
  File "C:\Users\sweth\AppDa
ta\Local\Programs\Python\Pyt
hon39\lib\site-packages\uvic
orn\protocols\http\h11_impl.
py", line 409, in run_asgi
    result = await app(  # 
type: 
ignore[func-returns-value]
  File "C:\Users\sweth\AppDa
ta\Local\Programs\Python\Pyt
hon39\lib\site-packages\uvic
orn\middleware\proxy_headers
.py", line 60, in __call__
    return await 
self.app(scope, receive, 
send)
  File "C:\Users\sweth\AppDa
ta\Local\Programs\Python\Pyt
hon39\lib\site-packages\fast
api\applications.py", line 
1135, in __call__
    await 
super().__call__(scope, 
receive, send)
  File "C:\Users\sweth\AppDa
ta\Local\Programs\Python\Pyt
hon39\lib\site-packages\star
lette\applications.py", 
line 113, in __call__
    await self.middleware_st
ack(scope, receive, send)
  File "C:\Users\sweth\AppDa
ta\Local\Programs\Python\Pyt
hon39\lib\site-packages\star
lette\middleware\errors.py",
 line 186, in __call__
    raise exc
  File "C:\Users\sweth\AppDa
ta\Local\Programs\Python\Pyt
hon39\lib\site-packages\star
lette\middleware\errors.py",
 line 164, in __call__
    await self.app(scope, 
receive, _send)
  File "C:\Users\sweth\AppDa
ta\Local\Programs\Python\Pyt
hon39\lib\site-packages\grad
io\route_utils.py", line 
761, in __call__
    await self.app(scope, 
receive, send)
  File "C:\Users\sweth\AppDa
ta\Local\Programs\Python\Pyt
hon39\lib\site-packages\star
lette\middleware\exceptions.
py", line 63, in __call__
    await wrap_app_handling_
exceptions(self.app, 
conn)(scope, receive, send)
  File "C:\Users\sweth\AppDa
ta\Local\Programs\Python\Pyt
hon39\lib\site-packages\star
lette\_exception_handler.py"
, line 53, in wrapped_app
    raise exc
  File "C:\Users\sweth\AppDa
ta\Local\Programs\Python\Pyt
hon39\lib\site-packages\star
lette\_exception_handler.py"
, line 42, in wrapped_app
    await app(scope, 
receive, sender)
  File "C:\Users\sweth\AppDa
ta\Local\Programs\Python\Pyt
hon39\lib\site-packages\fast
api\middleware\asyncexitstac
k.py", line 18, in __call__
    await self.app(scope, 
receive, send)
  File "C:\Users\sweth\AppDa
ta\Local\Programs\Python\Pyt
hon39\lib\site-packages\star
lette\routing.py", line 
716, in __call__
    await self.middleware_st
ack(scope, receive, send)
  File "C:\Users\sweth\AppDa
ta\Local\Programs\Python\Pyt
hon39\lib\site-packages\star
lette\routing.py", line 
736, in app
    await 
route.handle(scope, 
receive, send)
  File "C:\Users\sweth\AppDa
ta\Local\Programs\Python\Pyt
hon39\lib\site-packages\star
lette\routing.py", line 
290, in handle
    await self.app(scope, 
receive, send)
  File "C:\Users\sweth\AppDa
ta\Local\Programs\Python\Pyt
hon39\lib\site-packages\fast
api\routing.py", line 115, 
in app
    await wrap_app_handling_
exceptions(app, 
request)(scope, receive, 
send)
  File "C:\Users\sweth\AppDa
ta\Local\Programs\Python\Pyt
hon39\lib\site-packages\star
lette\_exception_handler.py"
, line 53, in wrapped_app
    raise exc
  File "C:\Users\sweth\AppDa
ta\Local\Programs\Python\Pyt
hon39\lib\site-packages\star
lette\_exception_handler.py"
, line 42, in wrapped_app
    await app(scope, 
receive, sender)
  File "C:\Users\sweth\AppDa
ta\Local\Programs\Python\Pyt
hon39\lib\site-packages\fast
api\routing.py", line 101, 
in app
    response = await 
f(request)
  File "C:\Users\sweth\AppDa
ta\Local\Programs\Python\Pyt
hon39\lib\site-packages\fast
api\routing.py", line 355, 
in app
    raw_response = await 
run_endpoint_function(
  File "C:\Users\sweth\AppDa
ta\Local\Programs\Python\Pyt
hon39\lib\site-packages\fast
api\routing.py", line 245, 
in run_endpoint_function
    return await run_in_thre
adpool(dependant.call, 
**values)
  File "C:\Users\sweth\AppDa
ta\Local\Programs\Python\Pyt
hon39\lib\site-packages\star
lette\concurrency.py", line 
38, in run_in_threadpool
    return await anyio.to_th
read.run_sync(func)
  File "C:\Users\sweth\AppDa
ta\Local\Programs\Python\Pyt
hon39\lib\site-packages\anyi
o\to_thread.py", line 63, 
in run_sync
    return await get_async_b
ackend().run_sync_in_worker_
thread(
  File "C:\Users\sweth\AppDa
ta\Local\Programs\Python\Pyt
hon39\lib\site-packages\anyi
o\_backends\_asyncio.py", 
line 2502, in 
run_sync_in_worker_thread
    return await future
  File "C:\Users\sweth\AppDa
ta\Local\Programs\Python\Pyt
hon39\lib\site-packages\anyi
o\_backends\_asyncio.py", 
line 986, in run
    result = 
context.run(func, *args)
  File "C:\Users\sweth\AppDa
ta\Local\Programs\Python\Pyt
hon39\lib\site-packages\grad
io\routes.py", line 431, in 
main
    gradio_api_info = 
api_info(False)
  File "C:\Users\sweth\AppDa
ta\Local\Programs\Python\Pyt
hon39\lib\site-packages\grad
io\routes.py", line 460, in 
api_info
    app.api_info = app.get_b
locks().get_api_info()
  File "C:\Users\sweth\AppDa
ta\Local\Programs\Python\Pyt
hon39\lib\site-packages\grad
io\blocks.py", line 2785, 
in get_api_info
    python_type = client_uti
ls.json_schema_to_python_typ
e(info)
  File "C:\Users\sweth\AppDa
ta\Local\Programs\Python\Pyt
hon39\lib\site-packages\grad
io_client\utils.py", line 
893, in 
json_schema_to_python_type
    type_ = _json_schema_to_
python_type(schema, 
schema.get("$defs"))
  File "C:\Users\sweth\AppDa
ta\Local\Programs\Python\Pyt
hon39\lib\site-packages\grad
io_client\utils.py", line 
947, in 
_json_schema_to_python_type
    des = [
  File "C:\Users\sweth\AppDa
ta\Local\Programs\Python\Pyt
hon39\lib\site-packages\grad
io_client\utils.py", line 
948, in <listcomp>
    f"{n}: {_json_schema_to_
python_type(v, 
defs)}{get_desc(v)}"
  File "C:\Users\sweth\AppDa
ta\Local\Programs\Python\Pyt
hon39\lib\site-packages\grad
io_client\utils.py", line 
955, in 
_json_schema_to_python_type
    f"str, {_json_schema_to_
python_type(schema['addition
alProperties'], defs)}"
  File "C:\Users\sweth\AppDa
ta\Local\Programs\Python\Pyt
hon39\lib\site-packages\grad
io_client\utils.py", line 
901, in 
_json_schema_to_python_type
    type_ = get_type(schema)
  File "C:\Users\sweth\AppDa
ta\Local\Programs\Python\Pyt
hon39\lib\site-packages\grad
io_client\utils.py", line 
863, in get_type
    if "const" in schema:
TypeError: argument of type 
'bool' is not iterable
ERROR:    Exception in ASGI 
application
Traceback (most recent call 
last):
  File "C:\Users\sweth\AppDa
ta\Local\Programs\Python\Pyt
hon39\lib\site-packages\uvic
orn\protocols\http\h11_impl.
py", line 409, in run_asgi
    result = await app(  # 
type: 
ignore[func-returns-value]
  File "C:\Users\sweth\AppDa
ta\Local\Programs\Python\Pyt
hon39\lib\site-packages\uvic
orn\middleware\proxy_headers
.py", line 60, in __call__
    return await 
self.app(scope, receive, 
send)
  File "C:\Users\sweth\AppDa
ta\Local\Programs\Python\Pyt
hon39\lib\site-packages\fast
api\applications.py", line 
1135, in __call__
    await 
super().__call__(scope, 
receive, send)
  File "C:\Users\sweth\AppDa
ta\Local\Programs\Python\Pyt
hon39\lib\site-packages\star
lette\applications.py", 
line 113, in __call__
    await self.middleware_st
ack(scope, receive, send)
  File "C:\Users\sweth\AppDa
ta\Local\Programs\Python\Pyt
hon39\lib\site-packages\star
lette\middleware\errors.py",
 line 186, in __call__
    raise exc
  File "C:\Users\sweth\AppDa
ta\Local\Programs\Python\Pyt
hon39\lib\site-packages\star
lette\middleware\errors.py",
 line 164, in __call__
    await self.app(scope, 
receive, _send)
  File "C:\Users\sweth\AppDa
ta\Local\Programs\Python\Pyt
hon39\lib\site-packages\grad
io\route_utils.py", line 
761, in __call__
    await self.app(scope, 
receive, send)
  File "C:\Users\sweth\AppDa
ta\Local\Programs\Python\Pyt
hon39\lib\site-packages\star
lette\middleware\exceptions.
py", line 63, in __call__
    await wrap_app_handling_
exceptions(self.app, 
conn)(scope, receive, send)
  File "C:\Users\sweth\AppDa
ta\Local\Programs\Python\Pyt
hon39\lib\site-packages\star
lette\_exception_handler.py"
, line 53, in wrapped_app
    raise exc
  File "C:\Users\sweth\AppDa
ta\Local\Programs\Python\Pyt
hon39\lib\site-packages\star
lette\_exception_handler.py"
, line 42, in wrapped_app
    await app(scope, 
receive, sender)
  File "C:\Users\sweth\AppDa
ta\Local\Programs\Python\Pyt
hon39\lib\site-packages\fast
api\middleware\asyncexitstac
k.py", line 18, in __call__
    await self.app(scope, 
receive, send)
  File "C:\Users\sweth\AppDa
ta\Local\Programs\Python\Pyt
hon39\lib\site-packages\star
lette\routing.py", line 
716, in __call__
    await self.middleware_st
ack(scope, receive, send)
  File "C:\Users\sweth\AppDa
ta\Local\Programs\Python\Pyt
hon39\lib\site-packages\star
lette\routing.py", line 
736, in app
    await 
route.handle(scope, 
receive, send)
  File "C:\Users\sweth\AppDa
ta\Local\Programs\Python\Pyt
hon39\lib\site-packages\star
lette\routing.py", line 
290, in handle
    await self.app(scope, 
receive, send)
  File "C:\Users\sweth\AppDa
ta\Local\Programs\Python\Pyt
hon39\lib\site-packages\fast
api\routing.py", line 115, 
in app
    await wrap_app_handling_
exceptions(app, 
request)(scope, receive, 
send)
  File "C:\Users\sweth\AppDa
ta\Local\Programs\Python\Pyt
hon39\lib\site-packages\star
lette\_exception_handler.py"
, line 53, in wrapped_app
    raise exc
  File "C:\Users\sweth\AppDa
ta\Local\Programs\Python\Pyt
hon39\lib\site-packages\star
lette\_exception_handler.py"
, line 42, in wrapped_app
    await app(scope, 
receive, sender)
  File "C:\Users\sweth\AppDa
ta\Local\Programs\Python\Pyt
hon39\lib\site-packages\fast
api\routing.py", line 101, 
in app
    response = await 
f(request)
  File "C:\Users\sweth\AppDa
ta\Local\Programs\Python\Pyt
hon39\lib\site-packages\fast
api\routing.py", line 355, 
in app
    raw_response = await 
run_endpoint_function(
  File "C:\Users\sweth\AppDa
ta\Local\Programs\Python\Pyt
hon39\lib\site-packages\fast
api\routing.py", line 245, 
in run_endpoint_function
    return await run_in_thre
adpool(dependant.call, 
**values)
  File "C:\Users\sweth\AppDa
ta\Local\Programs\Python\Pyt
hon39\lib\site-packages\star
lette\concurrency.py", line 
38, in run_in_threadpool
    return await anyio.to_th
read.run_sync(func)
  File "C:\Users\sweth\AppDa
ta\Local\Programs\Python\Pyt
hon39\lib\site-packages\anyi
o\to_thread.py", line 63, 
in run_sync
    return await get_async_b
ackend().run_sync_in_worker_
thread(
  File "C:\Users\sweth\AppDa
ta\Local\Programs\Python\Pyt
hon39\lib\site-packages\anyi
o\_backends\_asyncio.py", 
line 2502, in 
run_sync_in_worker_thread
    return await future
  File "C:\Users\sweth\AppDa
ta\Local\Programs\Python\Pyt
hon39\lib\site-packages\anyi
o\_backends\_asyncio.py", 
line 986, in run
    result = 
context.run(func, *args)
  File "C:\Users\sweth\AppDa
ta\Local\Programs\Python\Pyt
hon39\lib\site-packages\grad
io\routes.py", line 431, in 
main
    gradio_api_info = 
api_info(False)
  File "C:\Users\sweth\AppDa
ta\Local\Programs\Python\Pyt
hon39\lib\site-packages\grad
io\routes.py", line 460, in 
api_info
    app.api_info = app.get_b
locks().get_api_info()
  File "C:\Users\sweth\AppDa
ta\Local\Programs\Python\Pyt
hon39\lib\site-packages\grad
io\blocks.py", line 2785, 
in get_api_info
    python_type = client_uti
ls.json_schema_to_python_typ
e(info)
  File "C:\Users\sweth\AppDa
ta\Local\Programs\Python\Pyt
hon39\lib\site-packages\grad
io_client\utils.py", line 
893, in 
json_schema_to_python_type
    type_ = _json_schema_to_
python_type(schema, 
schema.get("$defs"))
  File "C:\Users\sweth\AppDa
ta\Local\Programs\Python\Pyt
hon39\lib\site-packages\grad
io_client\utils.py", line 
947, in 
_json_schema_to_python_type
    des = [
  File "C:\Users\sweth\AppDa
ta\Local\Programs\Python\Pyt
hon39\lib\site-packages\grad
io_client\utils.py", line 
948, in <listcomp>
    f"{n}: {_json_schema_to_
python_type(v, 
defs)}{get_desc(v)}"
  File "C:\Users\sweth\AppDa
ta\Local\Programs\Python\Pyt
hon39\lib\site-packages\grad
io_client\utils.py", line 
955, in 
_json_schema_to_python_type
    f"str, {_json_schema_to_
python_type(schema['addition
alProperties'], defs)}"
  File "C:\Users\sweth\AppDa
ta\Local\Programs\Python\Pyt
hon39\lib\site-packages\grad
io_client\utils.py", line 
901, in 
_json_schema_to_python_type
    type_ = get_type(schema)
  File "C:\Users\sweth\AppDa
ta\Local\Programs\Python\Pyt
hon39\lib\site-packages\grad
io_client\utils.py", line 
863, in get_type
    if "const" in schema:
TypeError: argument of type 
'bool' is not iterable
ERROR:    Exception in ASGI 
application
Traceback (most recent call 
last):
  File "C:\Users\sweth\AppDa
ta\Local\Programs\Python\Pyt
hon39\lib\site-packages\uvic
orn\protocols\http\h11_impl.
py", line 409, in run_asgi
    result = await app(  # 
type: 
ignore[func-returns-value]
  File "C:\Users\sweth\AppDa
ta\Local\Programs\Python\Pyt
hon39\lib\site-packages\uvic
orn\middleware\proxy_headers
.py", line 60, in __call__
    return await 
self.app(scope, receive, 
send)
  File "C:\Users\sweth\AppDa
ta\Local\Programs\Python\Pyt
hon39\lib\site-packages\fast
api\applications.py", line 
1135, in __call__
    await 
super().__call__(scope, 
receive, send)
  File "C:\Users\sweth\AppDa
ta\Local\Programs\Python\Pyt
hon39\lib\site-packages\star
lette\applications.py", 
line 113, in __call__
    await self.middleware_st
ack(scope, receive, send)
  File "C:\Users\sweth\AppDa
ta\Local\Programs\Python\Pyt
hon39\lib\site-packages\star
lette\middleware\errors.py",
 line 186, in __call__
    raise exc
  File "C:\Users\sweth\AppDa
ta\Local\Programs\Python\Pyt
hon39\lib\site-packages\star
lette\middleware\errors.py",
 line 164, in __call__
    await self.app(scope, 
receive, _send)
  File "C:\Users\sweth\AppDa
ta\Local\Programs\Python\Pyt
hon39\lib\site-packages\grad
io\route_utils.py", line 
761, in __call__
    await self.app(scope, 
receive, send)
  File "C:\Users\sweth\AppDa
ta\Local\Programs\Python\Pyt
hon39\lib\site-packages\star
lette\middleware\exceptions.
py", line 63, in __call__
    await wrap_app_handling_
exceptions(self.app, 
conn)(scope, receive, send)
  File "C:\Users\sweth\AppDa
ta\Local\Programs\Python\Pyt
hon39\lib\site-packages\star
lette\_exception_handler.py"
, line 53, in wrapped_app
    raise exc
  File "C:\Users\sweth\AppDa
ta\Local\Programs\Python\Pyt
hon39\lib\site-packages\star
lette\_exception_handler.py"
, line 42, in wrapped_app
    await app(scope, 
receive, sender)
  File "C:\Users\sweth\AppDa
ta\Local\Programs\Python\Pyt
hon39\lib\site-packages\fast
api\middleware\asyncexitstac
k.py", line 18, in __call__
    await self.app(scope, 
receive, send)
  File "C:\Users\sweth\AppDa
ta\Local\Programs\Python\Pyt
hon39\lib\site-packages\star
lette\routing.py", line 
716, in __call__
    await self.middleware_st
ack(scope, receive, send)
  File "C:\Users\sweth\AppDa
ta\Local\Programs\Python\Pyt
hon39\lib\site-packages\star
lette\routing.py", line 
736, in app
    await 
route.handle(scope, 
receive, send)
  File "C:\Users\sweth\AppDa
ta\Local\Programs\Python\Pyt
hon39\lib\site-packages\star
lette\routing.py", line 
290, in handle
    await self.app(scope, 
receive, send)
  File "C:\Users\sweth\AppDa
ta\Local\Programs\Python\Pyt
hon39\lib\site-packages\fast
api\routing.py", line 115, 
in app
    await wrap_app_handling_
exceptions(app, 
request)(scope, receive, 
send)
  File "C:\Users\sweth\AppDa
ta\Local\Programs\Python\Pyt
hon39\lib\site-packages\star
lette\_exception_handler.py"
, line 53, in wrapped_app
    raise exc
  File "C:\Users\sweth\AppDa
ta\Local\Programs\Python\Pyt
hon39\lib\site-packages\star
lette\_exception_handler.py"
, line 42, in wrapped_app
    await app(scope, 
receive, sender)
  File "C:\Users\sweth\AppDa
ta\Local\Programs\Python\Pyt
hon39\lib\site-packages\fast
api\routing.py", line 101, 
in app
    response = await 
f(request)
  File "C:\Users\sweth\AppDa
ta\Local\Programs\Python\Pyt
hon39\lib\site-packages\fast
api\routing.py", line 355, 
in app
    raw_response = await 
run_endpoint_function(
  File "C:\Users\sweth\AppDa
ta\Local\Programs\Python\Pyt
hon39\lib\site-packages\fast
api\routing.py", line 245, 
in run_endpoint_function
    return await run_in_thre
adpool(dependant.call, 
**values)
  File "C:\Users\sweth\AppDa
ta\Local\Programs\Python\Pyt
hon39\lib\site-packages\star
lette\concurrency.py", line 
38, in run_in_threadpool
    return await anyio.to_th
read.run_sync(func)
  File "C:\Users\sweth\AppDa
ta\Local\Programs\Python\Pyt
hon39\lib\site-packages\anyi
o\to_thread.py", line 63, 
in run_sync
    return await get_async_b
ackend().run_sync_in_worker_
thread(
  File "C:\Users\sweth\AppDa
ta\Local\Programs\Python\Pyt
hon39\lib\site-packages\anyi
o\_backends\_asyncio.py", 
line 2502, in 
run_sync_in_worker_thread
    return await future
  File "C:\Users\sweth\AppDa
ta\Local\Programs\Python\Pyt
hon39\lib\site-packages\anyi
o\_backends\_asyncio.py", 
line 986, in run
    result = 
context.run(func, *args)
  File "C:\Users\sweth\AppDa
ta\Local\Programs\Python\Pyt
hon39\lib\site-packages\grad
io\routes.py", line 431, in 
main
    gradio_api_info = 
api_info(False)
  File "C:\Users\sweth\AppDa
ta\Local\Programs\Python\Pyt
hon39\lib\site-packages\grad
io\routes.py", line 460, in 
api_info
    app.api_info = app.get_b
locks().get_api_info()
  File "C:\Users\sweth\AppDa
ta\Local\Programs\Python\Pyt
hon39\lib\site-packages\grad
io\blocks.py", line 2785, 
in get_api_info
    python_type = client_uti
ls.json_schema_to_python_typ
e(info)
  File "C:\Users\sweth\AppDa
ta\Local\Programs\Python\Pyt
hon39\lib\site-packages\grad
io_client\utils.py", line 
893, in 
json_schema_to_python_type
    type_ = _json_schema_to_
python_type(schema, 
schema.get("$defs"))
  File "C:\Users\sweth\AppDa
ta\Local\Programs\Python\Pyt
hon39\lib\site-packages\grad
io_client\utils.py", line 
947, in 
_json_schema_to_python_type
    des = [
  File "C:\Users\sweth\AppDa
ta\Local\Programs\Python\Pyt
hon39\lib\site-packages\grad
io_client\utils.py", line 
948, in <listcomp>
    f"{n}: {_json_schema_to_
python_type(v, 
defs)}{get_desc(v)}"
  File "C:\Users\sweth\AppDa
ta\Local\Programs\Python\Pyt
hon39\lib\site-packages\grad
io_client\utils.py", line 
955, in 
_json_schema_to_python_type
    f"str, {_json_schema_to_
python_type(schema['addition
alProperties'], defs)}"
  File "C:\Users\sweth\AppDa
ta\Local\Programs\Python\Pyt
hon39\lib\site-packages\grad
io_client\utils.py", line 
901, in 
_json_schema_to_python_type
    type_ = get_type(schema)
  File "C:\Users\sweth\AppDa
ta\Local\Programs\Python\Pyt
hon39\lib\site-packages\grad
io_client\utils.py", line 
863, in get_type
    if "const" in schema:
TypeError: argument of type 
'bool' is not iterable
ERROR:    Exception in ASGI 
application
Traceback (most recent call 
last):
  File "C:\Users\sweth\AppDa
ta\Local\Programs\Python\Pyt
hon39\lib\site-packages\uvic
orn\protocols\http\h11_impl.
py", line 409, in run_asgi
    result = await app(  # 
type: 
ignore[func-returns-value]
  File "C:\Users\sweth\AppDa
ta\Local\Programs\Python\Pyt
hon39\lib\site-packages\uvic
orn\middleware\proxy_headers
.py", line 60, in __call__
    return await 
self.app(scope, receive, 
send)
  File "C:\Users\sweth\AppDa
ta\Local\Programs\Python\Pyt
hon39\lib\site-packages\fast
api\applications.py", line 
1135, in __call__
    await 
super().__call__(scope, 
receive, send)
  File "C:\Users\sweth\AppDa
ta\Local\Programs\Python\Pyt
hon39\lib\site-packages\star
lette\applications.py", 
line 113, in __call__
    await self.middleware_st
ack(scope, receive, send)
  File "C:\Users\sweth\AppDa
ta\Local\Programs\Python\Pyt
hon39\lib\site-packages\star
lette\middleware\errors.py",
 line 186, in __call__
    raise exc
  File "C:\Users\sweth\AppDa
ta\Local\Programs\Python\Pyt
hon39\lib\site-packages\star
lette\middleware\errors.py",
 line 164, in __call__
    await self.app(scope, 
receive, _send)
  File "C:\Users\sweth\AppDa
ta\Local\Programs\Python\Pyt
hon39\lib\site-packages\grad
io\route_utils.py", line 
761, in __call__
    await self.app(scope, 
receive, send)
  File "C:\Users\sweth\AppDa
ta\Local\Programs\Python\Pyt
hon39\lib\site-packages\star
lette\middleware\exceptions.
py", line 63, in __call__
    await wrap_app_handling_
exceptions(self.app, 
conn)(scope, receive, send)
  File "C:\Users\sweth\AppDa
ta\Local\Programs\Python\Pyt
hon39\lib\site-packages\star
lette\_exception_handler.py"
, line 53, in wrapped_app
    raise exc
  File "C:\Users\sweth\AppDa
ta\Local\Programs\Python\Pyt
hon39\lib\site-packages\star
lette\_exception_handler.py"
, line 42, in wrapped_app
    await app(scope, 
receive, sender)
  File "C:\Users\sweth\AppDa
ta\Local\Programs\Python\Pyt
hon39\lib\site-packages\fast
api\middleware\asyncexitstac
k.py", line 18, in __call__
    await self.app(scope, 
receive, send)
  File "C:\Users\sweth\AppDa
ta\Local\Programs\Python\Pyt
hon39\lib\site-packages\star
lette\routing.py", line 
716, in __call__
    await self.middleware_st
ack(scope, receive, send)
  File "C:\Users\sweth\AppDa
ta\Local\Programs\Python\Pyt
hon39\lib\site-packages\star
lette\routing.py", line 
736, in app
    await 
route.handle(scope, 
receive, send)
  File "C:\Users\sweth\AppDa
ta\Local\Programs\Python\Pyt
hon39\lib\site-packages\star
lette\routing.py", line 
290, in handle
    await self.app(scope, 
receive, send)
  File "C:\Users\sweth\AppDa
ta\Local\Programs\Python\Pyt
hon39\lib\site-packages\fast
api\routing.py", line 115, 
in app
    await wrap_app_handling_
exceptions(app, 
request)(scope, receive, 
send)
  File "C:\Users\sweth\AppDa
ta\Local\Programs\Python\Pyt
hon39\lib\site-packages\star
lette\_exception_handler.py"
, line 53, in wrapped_app
    raise exc
  File "C:\Users\sweth\AppDa
ta\Local\Programs\Python\Pyt
hon39\lib\site-packages\star
lette\_exception_handler.py"
, line 42, in wrapped_app
    await app(scope, 
receive, sender)
  File "C:\Users\sweth\AppDa
ta\Local\Programs\Python\Pyt
hon39\lib\site-packages\fast
api\routing.py", line 101, 
in app
    response = await 
f(request)
  File "C:\Users\sweth\AppDa
ta\Local\Programs\Python\Pyt
hon39\lib\site-packages\fast
api\routing.py", line 355, 
in app
    raw_response = await 
run_endpoint_function(
  File "C:\Users\sweth\AppDa
ta\Local\Programs\Python\Pyt
hon39\lib\site-packages\fast
api\routing.py", line 245, 
in run_endpoint_function
    return await run_in_thre
adpool(dependant.call, 
**values)
  File "C:\Users\sweth\AppDa
ta\Local\Programs\Python\Pyt
hon39\lib\site-packages\star
lette\concurrency.py", line 
38, in run_in_threadpool
    return await anyio.to_th
read.run_sync(func)
  File "C:\Users\sweth\AppDa
ta\Local\Programs\Python\Pyt
hon39\lib\site-packages\anyi
o\to_thread.py", line 63, 
in run_sync
    return await get_async_b
ackend().run_sync_in_worker_
thread(
  File "C:\Users\sweth\AppDa
ta\Local\Programs\Python\Pyt
hon39\lib\site-packages\anyi
o\_backends\_asyncio.py", 
line 2502, in 
run_sync_in_worker_thread
    return await future
  File "C:\Users\sweth\AppDa
ta\Local\Programs\Python\Pyt
hon39\lib\site-packages\anyi
o\_backends\_asyncio.py", 
line 986, in run
    result = 
context.run(func, *args)
  File "C:\Users\sweth\AppDa
ta\Local\Programs\Python\Pyt
hon39\lib\site-packages\grad
io\routes.py", line 431, in 
main
    gradio_api_info = 
api_info(False)
  File "C:\Users\sweth\AppDa
ta\Local\Programs\Python\Pyt
hon39\lib\site-packages\grad
io\routes.py", line 460, in 
api_info
    app.api_info = app.get_b
locks().get_api_info()
  File "C:\Users\sweth\AppDa
ta\Local\Programs\Python\Pyt
hon39\lib\site-packages\grad
io\blocks.py", line 2785, 
in get_api_info
    python_type = client_uti
ls.json_schema_to_python_typ
e(info)
  File "C:\Users\sweth\AppDa
ta\Local\Programs\Python\Pyt
hon39\lib\site-packages\grad
io_client\utils.py", line 
893, in 
json_schema_to_python_type
    type_ = _json_schema_to_
python_type(schema, 
schema.get("$defs"))
  File "C:\Users\sweth\AppDa
ta\Local\Programs\Python\Pyt
hon39\lib\site-packages\grad
io_client\utils.py", line 
947, in 
_json_schema_to_python_type
    des = [
  File "C:\Users\sweth\AppDa
ta\Local\Programs\Python\Pyt
hon39\lib\site-packages\grad
io_client\utils.py", line 
948, in <listcomp>
    f"{n}: {_json_schema_to_
python_type(v, 
defs)}{get_desc(v)}"
  File "C:\Users\sweth\AppDa
ta\Local\Programs\Python\Pyt
hon39\lib\site-packages\grad
io_client\utils.py", line 
955, in 
_json_schema_to_python_type
    f"str, {_json_schema_to_
python_type(schema['addition
alProperties'], defs)}"
  File "C:\Users\sweth\AppDa
ta\Local\Programs\Python\Pyt
hon39\lib\site-packages\grad
io_client\utils.py", line 
901, in 
_json_schema_to_python_type
    type_ = get_type(schema)
  File "C:\Users\sweth\AppDa
ta\Local\Programs\Python\Pyt
hon39\lib\site-packages\grad
io_client\utils.py", line 
863, in get_type
    if "const" in schema:
TypeError: argument of type 
'bool' is not iterable
ERROR:    Exception in ASGI 
application
Traceback (most recent call 
last):
  File "C:\Users\sweth\AppDa
ta\Local\Programs\Python\Pyt
hon39\lib\site-packages\uvic
orn\protocols\http\h11_impl.
py", line 409, in run_asgi
    result = await app(  # 
type: 
ignore[func-returns-value]
  File "C:\Users\sweth\AppDa
ta\Local\Programs\Python\Pyt
hon39\lib\site-packages\uvic
orn\middleware\proxy_headers
.py", line 60, in __call__
    return await 
self.app(scope, receive, 
send)
  File "C:\Users\sweth\AppDa
ta\Local\Programs\Python\Pyt
hon39\lib\site-packages\fast
api\applications.py", line 
1135, in __call__
    await 
super().__call__(scope, 
receive, send)
  File "C:\Users\sweth\AppDa
ta\Local\Programs\Python\Pyt
hon39\lib\site-packages\star
lette\applications.py", 
line 113, in __call__
    await self.middleware_st
ack(scope, receive, send)
  File "C:\Users\sweth\AppDa
ta\Local\Programs\Python\Pyt
hon39\lib\site-packages\star
lette\middleware\errors.py",
 line 186, in __call__
    raise exc
  File "C:\Users\sweth\AppDa
ta\Local\Programs\Python\Pyt
hon39\lib\site-packages\star
lette\middleware\errors.py",
 line 164, in __call__
    await self.app(scope, 
receive, _send)
  File "C:\Users\sweth\AppDa
ta\Local\Programs\Python\Pyt
hon39\lib\site-packages\grad
io\route_utils.py", line 
761, in __call__
    await self.app(scope, 
receive, send)
  File "C:\Users\sweth\AppDa
ta\Local\Programs\Python\Pyt
hon39\lib\site-packages\star
lette\middleware\exceptions.
py", line 63, in __call__
    await wrap_app_handling_
exceptions(self.app, 
conn)(scope, receive, send)
  File "C:\Users\sweth\AppDa
ta\Local\Programs\Python\Pyt
hon39\lib\site-packages\star
lette\_exception_handler.py"
, line 53, in wrapped_app
    raise exc
  File "C:\Users\sweth\AppDa
ta\Local\Programs\Python\Pyt
hon39\lib\site-packages\star
lette\_exception_handler.py"
, line 42, in wrapped_app
    await app(scope, 
receive, sender)
  File "C:\Users\sweth\AppDa
ta\Local\Programs\Python\Pyt
hon39\lib\site-packages\fast
api\middleware\asyncexitstac
k.py", line 18, in __call__
    await self.app(scope, 
receive, send)
  File "C:\Users\sweth\AppDa
ta\Local\Programs\Python\Pyt
hon39\lib\site-packages\star
lette\routing.py", line 
716, in __call__
    await self.middleware_st
ack(scope, receive, send)
  File "C:\Users\sweth\AppDa
ta\Local\Programs\Python\Pyt
hon39\lib\site-packages\star
lette\routing.py", line 
736, in app
    await 
route.handle(scope, 
receive, send)
  File "C:\Users\sweth\AppDa
ta\Local\Programs\Python\Pyt
hon39\lib\site-packages\star
lette\routing.py", line 
290, in handle
    await self.app(scope, 
receive, send)
  File "C:\Users\sweth\AppDa
ta\Local\Programs\Python\Pyt
hon39\lib\site-packages\fast
api\routing.py", line 115, 
in app
    await wrap_app_handling_
exceptions(app, 
request)(scope, receive, 
send)
  File "C:\Users\sweth\AppDa
ta\Local\Programs\Python\Pyt
hon39\lib\site-packages\star
lette\_exception_handler.py"
, line 53, in wrapped_app
    raise exc
  File "C:\Users\sweth\AppDa
ta\Local\Programs\Python\Pyt
hon39\lib\site-packages\star
lette\_exception_handler.py"
, line 42, in wrapped_app
    await app(scope, 
receive, sender)
  File "C:\Users\sweth\AppDa
ta\Local\Programs\Python\Pyt
hon39\lib\site-packages\fast
api\routing.py", line 101, 
in app
    response = await 
f(request)
  File "C:\Users\sweth\AppDa
ta\Local\Programs\Python\Pyt
hon39\lib\site-packages\fast
api\routing.py", line 355, 
in app
    raw_response = await 
run_endpoint_function(
  File "C:\Users\sweth\AppDa
ta\Local\Programs\Python\Pyt
hon39\lib\site-packages\fast
api\routing.py", line 245, 
in run_endpoint_function
    return await run_in_thre
adpool(dependant.call, 
**values)
  File "C:\Users\sweth\AppDa
ta\Local\Programs\Python\Pyt
hon39\lib\site-packages\star
lette\concurrency.py", line 
38, in run_in_threadpool
    return await anyio.to_th
read.run_sync(func)
  File "C:\Users\sweth\AppDa
ta\Local\Programs\Python\Pyt
hon39\lib\site-packages\anyi
o\to_thread.py", line 63, 
in run_sync
    return await get_async_b
ackend().run_sync_in_worker_
thread(
  File "C:\Users\sweth\AppDa
ta\Local\Programs\Python\Pyt
hon39\lib\site-packages\anyi
o\_backends\_asyncio.py", 
line 2502, in 
run_sync_in_worker_thread
    return await future
  File "C:\Users\sweth\AppDa
ta\Local\Programs\Python\Pyt
hon39\lib\site-packages\anyi
o\_backends\_asyncio.py", 
line 986, in run
    result = 
context.run(func, *args)
  File "C:\Users\sweth\AppDa
ta\Local\Programs\Python\Pyt
hon39\lib\site-packages\grad
io\routes.py", line 431, in 
main
    gradio_api_info = 
api_info(False)
  File "C:\Users\sweth\AppDa
ta\Local\Programs\Python\Pyt
hon39\lib\site-packages\grad
io\routes.py", line 460, in 
api_info
    app.api_info = app.get_b
locks().get_api_info()
  File "C:\Users\sweth\AppDa
ta\Local\Programs\Python\Pyt
hon39\lib\site-packages\grad
io\blocks.py", line 2785, 
in get_api_info
    python_type = client_uti
ls.json_schema_to_python_typ
e(info)
  File "C:\Users\sweth\AppDa
ta\Local\Programs\Python\Pyt
hon39\lib\site-packages\grad
io_client\utils.py", line 
893, in 
json_schema_to_python_type
    type_ = _json_schema_to_
python_type(schema, 
schema.get("$defs"))
  File "C:\Users\sweth\AppDa
ta\Local\Programs\Python\Pyt
hon39\lib\site-packages\grad
io_client\utils.py", line 
947, in 
_json_schema_to_python_type
    des = [
  File "C:\Users\sweth\AppDa
ta\Local\Programs\Python\Pyt
hon39\lib\site-packages\grad
io_client\utils.py", line 
948, in <listcomp>
    f"{n}: {_json_schema_to_
python_type(v, 
defs)}{get_desc(v)}"
  File "C:\Users\sweth\AppDa
ta\Local\Programs\Python\Pyt
hon39\lib\site-packages\grad
io_client\utils.py", line 
955, in 
_json_schema_to_python_type
    f"str, {_json_schema_to_
python_type(schema['addition
alProperties'], defs)}"
  File "C:\Users\sweth\AppDa
ta\Local\Programs\Python\Pyt
hon39\lib\site-packages\grad
io_client\utils.py", line 
901, in 
_json_schema_to_python_type
    type_ = get_type(schema)
  File "C:\Users\sweth\AppDa
ta\Local\Programs\Python\Pyt
hon39\lib\site-packages\grad
io_client\utils.py", line 
863, in get_type
    if "const" in schema:
TypeError: argument of type 
'bool' is not iterable
