.\venv311\Scripts\python.exe
 : [nltk_data] Downloading 
package punkt to
At line:1 char:1
+ .\venv311\Scripts\python.e
xe app.py 2>&1 | Out-File 
-Encoding utf8 ap ...
+ ~~~~~~~~~~~~~~~~~~~~~~~~~~
~~~~~~~~~~~~~~
    + CategoryInfo          
    : NotSpecified: ([nltk  
  _data] Downloading pack   
 age punkt to:String) []    
, RemoteException
    + FullyQualifiedErrorId 
    : NativeCommandError
 
[nltk_data]     C:\Users\swe
th\AppData\Roaming\nltk_data
...
[nltk_data]   Package punkt 
is already up-to-date!
