C:\Users\sweth\AppData\Local\Programs\Python\Python39\lib\site-packages\torch\nn\modules\rnn.py:123: UserWarning: dropout option adds dropout after all but last recurrent layer, so non-zero dropout expects num_layers greater than 1, but got dropout=0.2 and num_layers=1
  warnings.warn(
C:\Users\sweth\AppData\Local\Programs\Python\Python39\lib\site-packages\torch\nn\utils\weight_norm.py:144: FutureWarning: `torch.nn.utils.weight_norm` is deprecated in favor of `torch.nn.utils.parametrizations.weight_norm`.
  WeightNorm.apply(module, name, dim)
Directory already exists: ./temp/kokoro_audio
[nltk_data] Downloading package punkt to
[nltk_data]     C:\Users\sweth\AppData\Roaming\nltk_data...
[nltk_data]   Package punkt is already up-to-date!
STDOUT:
Directory already exists: ./temp/kokoro_audio
Running on local URL:  http://127.0.0.1:7860

STDERR:
C:\Users\sweth\AppData\Local\Programs\Python\Python39\lib\site-packages\torch\nn\modules\rnn.py:123: UserWarning: dropout option adds dropout after all but last recurrent layer, so non-zero dropout expects num_layers greater than 1, but got dropout=0.2 and num_layers=1
  warnings.warn(
C:\Users\sweth\AppData\Local\Programs\Python\Python39\lib\site-packages\torch\nn\utils\weight_norm.py:144: FutureWarning: `torch.nn.utils.weight_norm` is deprecated in favor of `torch.nn.utils.parametrizations.weight_norm`.
  WeightNorm.apply(module, name, dim)
[nltk_data] Downloading package punkt to
[nltk_data]     C:\Users\sweth\AppData\Roaming\nltk_data...
[nltk_data]   Package punkt is already up-to-date!
ERROR:    Exception in ASGI application
Traceback (most recent call last):
  File "C:\Users\sweth\AppData\Local\Programs\Python\Python39\lib\site-packages\uvicorn\protocols\http\h11_impl.py", line 409, in run_asgi
    result = await app(  # type: ignore[func-returns-value]
  File "C:\Users\sweth\AppData\Local\Programs\Python\Python39\lib\site-packages\uvicorn\middleware\proxy_headers.py", line 60, in __call__
    return await self.app(scope, receive, send)
  File "C:\Users\sweth\AppData\Local\Programs\Python\Python39\lib\site-packages\fastapi\applications.py", line 1135, in __call__
    await super().__call__(scope, receive, send)
  File "C:\Users\sweth\AppData\Local\Programs\Python\Python39\lib\site-packages\starlette\applications.py", line 113, in __call__
    await self.middleware_stack(scope, receive, send)
  File "C:\Users\sweth\AppData\Local\Programs\Python\Python39\lib\site-packages\starlette\middleware\errors.py", line 186, in __call__
    raise exc
  File "C:\Users\sweth\AppData\Local\Programs\Python\Python39\lib\site-packages\starlette\middleware\errors.py", line 164, in __call__
    await self.app(scope, receive, _send)
  File "C:\Users\sweth\AppData\Local\Programs\Python\Python39\lib\site-packages\gradio\route_utils.py", line 761, in __call__
    await self.app(scope, receive, send)
  File "C:\Users\sweth\AppData\Local\Programs\Python\Python39\lib\site-packages\starlette\middleware\exceptions.py", line 63, in __call__
    await wrap_app_handling_exceptions(self.app, conn)(scope, receive, send)
  File "C:\Users\sweth\AppData\Local\Programs\Python\Python39\lib\site-packages\starlette\_exception_handler.py", line 53, in wrapped_app
    raise exc
  File "C:\Users\sweth\AppData\Local\Programs\Python\Python39\lib\site-packages\starlette\_exception_handler.py", line 42, in wrapped_app
    await app(scope, receive, sender)
  File "C:\Users\sweth\AppData\Local\Programs\Python\Python39\lib\site-packages\fastapi\middleware\asyncexitstack.py", line 18, in __call__
    await self.app(scope, receive, send)
  File "C:\Users\sweth\AppData\Local\Programs\Python\Python39\lib\site-packages\starlette\routing.py", line 716, in __call__
    await self.middleware_stack(scope, receive, send)
  File "C:\Users\sweth\AppData\Local\Programs\Python\Python39\lib\site-packages\starlette\routing.py", line 736, in app
    await route.handle(scope, receive, send)
  File "C:\Users\sweth\AppData\Local\Programs\Python\Python39\lib\site-packages\starlette\routing.py", line 290, in handle
    await self.app(scope, receive, send)
  File "C:\Users\sweth\AppData\Local\Programs\Python\Python39\lib\site-packages\fastapi\routing.py", line 115, in app
    await wrap_app_handling_exceptions(app, request)(scope, receive, send)
  File "C:\Users\sweth\AppData\Local\Programs\Python\Python39\lib\site-packages\starlette\_exception_handler.py", line 53, in wrapped_app
    raise exc
  File "C:\Users\sweth\AppData\Local\Programs\Python\Python39\lib\site-packages\starlette\_exception_handler.py", line 42, in wrapped_app
    await app(scope, receive, sender)
  File "C:\Users\sweth\AppData\Local\Programs\Python\Python39\lib\site-packages\fastapi\routing.py", line 101, in app
    response = await f(request)
  File "C:\Users\sweth\AppData\Local\Programs\Python\Python39\lib\site-packages\fastapi\routing.py", line 355, in app
    raw_response = await run_endpoint_function(
  File "C:\Users\sweth\AppData\Local\Programs\Python\Python39\lib\site-packages\fastapi\routing.py", line 245, in run_endpoint_function
    return await run_in_threadpool(dependant.call, **values)
  File "C:\Users\sweth\AppData\Local\Programs\Python\Python39\lib\site-packages\starlette\concurrency.py", line 38, in run_in_threadpool
    return await anyio.to_thread.run_sync(func)
  File "C:\Users\sweth\AppData\Local\Programs\Python\Python39\lib\site-packages\anyio\to_thread.py", line 63, in run_sync
    return await get_async_backend().run_sync_in_worker_thread(
  File "C:\Users\sweth\AppData\Local\Programs\Python\Python39\lib\site-packages\anyio\_backends\_asyncio.py", line 2502, in run_sync_in_worker_thread
    return await future
  File "C:\Users\sweth\AppData\Local\Programs\Python\Python39\lib\site-packages\anyio\_backends\_asyncio.py", line 986, in run
    result = context.run(func, *args)
  File "C:\Users\sweth\AppData\Local\Programs\Python\Python39\lib\site-packages\gradio\routes.py", line 431, in main
    gradio_api_info = api_info(False)
  File "C:\Users\sweth\AppData\Local\Programs\Python\Python39\lib\site-packages\gradio\routes.py", line 460, in api_info
    app.api_info = app.get_blocks().get_api_info()
  File "C:\Users\sweth\AppData\Local\Programs\Python\Python39\lib\site-packages\gradio\blocks.py", line 2785, in get_api_info
    python_type = client_utils.json_schema_to_python_type(info)
  File "C:\Users\sweth\AppData\Local\Programs\Python\Python39\lib\site-packages\gradio_client\utils.py", line 893, in json_schema_to_python_type
    type_ = _json_schema_to_python_type(schema, schema.get("$defs"))
  File "C:\Users\sweth\AppData\Local\Programs\Python\Python39\lib\site-packages\gradio_client\utils.py", line 947, in _json_schema_to_python_type
    des = [
  File "C:\Users\sweth\AppData\Local\Programs\Python\Python39\lib\site-packages\gradio_client\utils.py", line 948, in <listcomp>
    f"{n}: {_json_schema_to_python_type(v, defs)}{get_desc(v)}"
  File "C:\Users\sweth\AppData\Local\Programs\Python\Python39\lib\site-packages\gradio_client\utils.py", line 955, in _json_schema_to_python_type
    f"str, {_json_schema_to_python_type(schema['additionalProperties'], defs)}"
  File "C:\Users\sweth\AppData\Local\Programs\Python\Python39\lib\site-packages\gradio_client\utils.py", line 901, in _json_schema_to_python_type
    type_ = get_type(schema)
  File "C:\Users\sweth\AppData\Local\Programs\Python\Python39\lib\site-packages\gradio_client\utils.py", line 863, in get_type
    if "const" in schema:
TypeError: argument of type 'bool' is not iterable
ERROR:    Exception in ASGI application
Traceback (most recent call last):
  File "C:\Users\sweth\AppData\Local\Programs\Python\Python39\lib\site-packages\uvicorn\protocols\http\h11_impl.py", line 409, in run_asgi
    result = await app(  # type: ignore[func-returns-value]
  File "C:\Users\sweth\AppData\Local\Programs\Python\Python39\lib\site-packages\uvicorn\middleware\proxy_headers.py", line 60, in __call__
    return await self.app(scope, receive, send)
  File "C:\Users\sweth\AppData\Local\Programs\Python\Python39\lib\site-packages\fastapi\applications.py", line 1135, in __call__
    await super().__call__(scope, receive, send)
  File "C:\Users\sweth\AppData\Local\Programs\Python\Python39\lib\site-packages\starlette\applications.py", line 113, in __call__
    await self.middleware_stack(scope, receive, send)
  File "C:\Users\sweth\AppData\Local\Programs\Python\Python39\lib\site-packages\starlette\middleware\errors.py", line 186, in __call__
    raise exc
  File "C:\Users\sweth\AppData\Local\Programs\Python\Python39\lib\site-packages\starlette\middleware\errors.py", line 164, in __call__
    await self.app(scope, receive, _send)
  File "C:\Users\sweth\AppData\Local\Programs\Python\Python39\lib\site-packages\gradio\route_utils.py", line 761, in __call__
    await self.app(scope, receive, send)
  File "C:\Users\sweth\AppData\Local\Programs\Python\Python39\lib\site-packages\starlette\middleware\exceptions.py", line 63, in __call__
    await wrap_app_handling_exceptions(self.app, conn)(scope, receive, send)
  File "C:\Users\sweth\AppData\Local\Programs\Python\Python39\lib\site-packages\starlette\_exception_handler.py", line 53, in wrapped_app
    raise exc
  File "C:\Users\sweth\AppData\Local\Programs\Python\Python39\lib\site-packages\starlette\_exception_handler.py", line 42, in wrapped_app
    await app(scope, receive, sender)
  File "C:\Users\sweth\AppData\Local\Programs\Python\Python39\lib\site-packages\fastapi\middleware\asyncexitstack.py", line 18, in __call__
    await self.app(scope, receive, send)
  File "C:\Users\sweth\AppData\Local\Programs\Python\Python39\lib\site-packages\starlette\routing.py", line 716, in __call__
    await self.middleware_stack(scope, receive, send)
  File "C:\Users\sweth\AppData\Local\Programs\Python\Python39\lib\site-packages\starlette\routing.py", line 736, in app
    await route.handle(scope, receive, send)
  File "C:\Users\sweth\AppData\Local\Programs\Python\Python39\lib\site-packages\starlette\routing.py", line 290, in handle
    await self.app(scope, receive, send)
  File "C:\Users\sweth\AppData\Local\Programs\Python\Python39\lib\site-packages\fastapi\routing.py", line 115, in app
    await wrap_app_handling_exceptions(app, request)(scope, receive, send)
  File "C:\Users\sweth\AppData\Local\Programs\Python\Python39\lib\site-packages\starlette\_exception_handler.py", line 53, in wrapped_app
    raise exc
  File "C:\Users\sweth\AppData\Local\Programs\Python\Python39\lib\site-packages\starlette\_exception_handler.py", line 42, in wrapped_app
    await app(scope, receive, sender)
  File "C:\Users\sweth\AppData\Local\Programs\Python\Python39\lib\site-packages\fastapi\routing.py", line 101, in app
    response = await f(request)
  File "C:\Users\sweth\AppData\Local\Programs\Python\Python39\lib\site-packages\fastapi\routing.py", line 355, in app
    raw_response = await run_endpoint_function(
  File "C:\Users\sweth\AppData\Local\Programs\Python\Python39\lib\site-packages\fastapi\routing.py", line 245, in run_endpoint_function
    return await run_in_threadpool(dependant.call, **values)
  File "C:\Users\sweth\AppData\Local\Programs\Python\Python39\lib\site-packages\starlette\concurrency.py", line 38, in run_in_threadpool
    return await anyio.to_thread.run_sync(func)
  File "C:\Users\sweth\AppData\Local\Programs\Python\Python39\lib\site-packages\anyio\to_thread.py", line 63, in run_sync
    return await get_async_backend().run_sync_in_worker_thread(
  File "C:\Users\sweth\AppData\Local\Programs\Python\Python39\lib\site-packages\anyio\_backends\_asyncio.py", line 2502, in run_sync_in_worker_thread
    return await future
  File "C:\Users\sweth\AppData\Local\Programs\Python\Python39\lib\site-packages\anyio\_backends\_asyncio.py", line 986, in run
    result = context.run(func, *args)
  File "C:\Users\sweth\AppData\Local\Programs\Python\Python39\lib\site-packages\gradio\routes.py", line 431, in main
    gradio_api_info = api_info(False)
  File "C:\Users\sweth\AppData\Local\Programs\Python\Python39\lib\site-packages\gradio\routes.py", line 460, in api_info
    app.api_info = app.get_blocks().get_api_info()
  File "C:\Users\sweth\AppData\Local\Programs\Python\Python39\lib\site-packages\gradio\blocks.py", line 2785, in get_api_info
    python_type = client_utils.json_schema_to_python_type(info)
  File "C:\Users\sweth\AppData\Local\Programs\Python\Python39\lib\site-packages\gradio_client\utils.py", line 893, in json_schema_to_python_type
    type_ = _json_schema_to_python_type(schema, schema.get("$defs"))
  File "C:\Users\sweth\AppData\Local\Programs\Python\Python39\lib\site-packages\gradio_client\utils.py", line 947, in _json_schema_to_python_type
    des = [
  File "C:\Users\sweth\AppData\Local\Programs\Python\Python39\lib\site-packages\gradio_client\utils.py", line 948, in <listcomp>
    f"{n}: {_json_schema_to_python_type(v, defs)}{get_desc(v)}"
  File "C:\Users\sweth\AppData\Local\Programs\Python\Python39\lib\site-packages\gradio_client\utils.py", line 955, in _json_schema_to_python_type
    f"str, {_json_schema_to_python_type(schema['additionalProperties'], defs)}"
  File "C:\Users\sweth\AppData\Local\Programs\Python\Python39\lib\site-packages\gradio_client\utils.py", line 901, in _json_schema_to_python_type
    type_ = get_type(schema)
  File "C:\Users\sweth\AppData\Local\Programs\Python\Python39\lib\site-packages\gradio_client\utils.py", line 863, in get_type
    if "const" in schema:
TypeError: argument of type 'bool' is not iterable
ERROR:    Exception in ASGI application
Traceback (most recent call last):
  File "C:\Users\sweth\AppData\Local\Programs\Python\Python39\lib\site-packages\uvicorn\protocols\http\h11_impl.py", line 409, in run_asgi
    result = await app(  # type: ignore[func-returns-value]
  File "C:\Users\sweth\AppData\Local\Programs\Python\Python39\lib\site-packages\uvicorn\middleware\proxy_headers.py", line 60, in __call__
    return await self.app(scope, receive, send)
  File "C:\Users\sweth\AppData\Local\Programs\Python\Python39\lib\site-packages\fastapi\applications.py", line 1135, in __call__
    await super().__call__(scope, receive, send)
  File "C:\Users\sweth\AppData\Local\Programs\Python\Python39\lib\site-packages\starlette\applications.py", line 113, in __call__
    await self.middleware_stack(scope, receive, send)
  File "C:\Users\sweth\AppData\Local\Programs\Python\Python39\lib\site-packages\starlette\middleware\errors.py", line 186, in __call__
    raise exc
  File "C:\Users\sweth\AppData\Local\Programs\Python\Python39\lib\site-packages\starlette\middleware\errors.py", line 164, in __call__
    await self.app(scope, receive, _send)
  File "C:\Users\sweth\AppData\Local\Programs\Python\Python39\lib\site-packages\gradio\route_utils.py", line 761, in __call__
    await self.app(scope, receive, send)
  File "C:\Users\sweth\AppData\Local\Programs\Python\Python39\lib\site-packages\starlette\middleware\exceptions.py", line 63, in __call__
    await wrap_app_handling_exceptions(self.app, conn)(scope, receive, send)
  File "C:\Users\sweth\AppData\Local\Programs\Python\Python39\lib\site-packages\starlette\_exception_handler.py", line 53, in wrapped_app
    raise exc
  File "C:\Users\sweth\AppData\Local\Programs\Python\Python39\lib\site-packages\starlette\_exception_handler.py", line 42, in wrapped_app
    await app(scope, receive, sender)
  File "C:\Users\sweth\AppData\Local\Programs\Python\Python39\lib\site-packages\fastapi\middleware\asyncexitstack.py", line 18, in __call__
    await self.app(scope, receive, send)
  File "C:\Users\sweth\AppData\Local\Programs\Python\Python39\lib\site-packages\starlette\routing.py", line 716, in __call__
    await self.middleware_stack(scope, receive, send)
  File "C:\Users\sweth\AppData\Local\Programs\Python\Python39\lib\site-packages\starlette\routing.py", line 736, in app
    await route.handle(scope, receive, send)
  File "C:\Users\sweth\AppData\Local\Programs\Python\Python39\lib\site-packages\starlette\routing.py", line 290, in handle
    await self.app(scope, receive, send)
  File "C:\Users\sweth\AppData\Local\Programs\Python\Python39\lib\site-packages\fastapi\routing.py", line 115, in app
    await wrap_app_handling_exceptions(app, request)(scope, receive, send)
  File "C:\Users\sweth\AppData\Local\Programs\Python\Python39\lib\site-packages\starlette\_exception_handler.py", line 53, in wrapped_app
    raise exc
  File "C:\Users\sweth\AppData\Local\Programs\Python\Python39\lib\site-packages\starlette\_exception_handler.py", line 42, in wrapped_app
    await app(scope, receive, sender)
  File "C:\Users\sweth\AppData\Local\Programs\Python\Python39\lib\site-packages\fastapi\routing.py", line 101, in app
    response = await f(request)
  File "C:\Users\sweth\AppData\Local\Programs\Python\Python39\lib\site-packages\fastapi\routing.py", line 355, in app
    raw_response = await run_endpoint_function(
  File "C:\Users\sweth\AppData\Local\Programs\Python\Python39\lib\site-packages\fastapi\routing.py", line 245, in run_endpoint_function
    return await run_in_threadpool(dependant.call, **values)
  File "C:\Users\sweth\AppData\Local\Programs\Python\Python39\lib\site-packages\starlette\concurrency.py", line 38, in run_in_threadpool
    return await anyio.to_thread.run_sync(func)
  File "C:\Users\sweth\AppData\Local\Programs\Python\Python39\lib\site-packages\anyio\to_thread.py", line 63, in run_sync
    return await get_async_backend().run_sync_in_worker_thread(
  File "C:\Users\sweth\AppData\Local\Programs\Python\Python39\lib\site-packages\anyio\_backends\_asyncio.py", line 2502, in run_sync_in_worker_thread
    return await future
  File "C:\Users\sweth\AppData\Local\Programs\Python\Python39\lib\site-packages\anyio\_backends\_asyncio.py", line 986, in run
    result = context.run(func, *args)
  File "C:\Users\sweth\AppData\Local\Programs\Python\Python39\lib\site-packages\gradio\routes.py", line 431, in main
    gradio_api_info = api_info(False)
  File "C:\Users\sweth\AppData\Local\Programs\Python\Python39\lib\site-packages\gradio\routes.py", line 460, in api_info
    app.api_info = app.get_blocks().get_api_info()
  File "C:\Users\sweth\AppData\Local\Programs\Python\Python39\lib\site-packages\gradio\blocks.py", line 2785, in get_api_info
    python_type = client_utils.json_schema_to_python_type(info)
  File "C:\Users\sweth\AppData\Local\Programs\Python\Python39\lib\site-packages\gradio_client\utils.py", line 893, in json_schema_to_python_type
    type_ = _json_schema_to_python_type(schema, schema.get("$defs"))
  File "C:\Users\sweth\AppData\Local\Programs\Python\Python39\lib\site-packages\gradio_client\utils.py", line 947, in _json_schema_to_python_type
    des = [
  File "C:\Users\sweth\AppData\Local\Programs\Python\Python39\lib\site-packages\gradio_client\utils.py", line 948, in <listcomp>
    f"{n}: {_json_schema_to_python_type(v, defs)}{get_desc(v)}"
  File "C:\Users\sweth\AppData\Local\Programs\Python\Python39\lib\site-packages\gradio_client\utils.py", line 955, in _json_schema_to_python_type
    f"str, {_json_schema_to_python_type(schema['additionalProperties'], defs)}"
  File "C:\Users\sweth\AppData\Local\Programs\Python\Python39\lib\site-packages\gradio_client\utils.py", line 901, in _json_schema_to_python_type
    type_ = get_type(schema)
  File "C:\Users\sweth\AppData\Local\Programs\Python\Python39\lib\site-packages\gradio_client\utils.py", line 863, in get_type
    if "const" in schema:
TypeError: argument of type 'bool' is not iterable
ERROR:    Exception in ASGI application
Traceback (most recent call last):
  File "C:\Users\sweth\AppData\Local\Programs\Python\Python39\lib\site-packages\uvicorn\protocols\http\h11_impl.py", line 409, in run_asgi
    result = await app(  # type: ignore[func-returns-value]
  File "C:\Users\sweth\AppData\Local\Programs\Python\Python39\lib\site-packages\uvicorn\middleware\proxy_headers.py", line 60, in __call__
    return await self.app(scope, receive, send)
  File "C:\Users\sweth\AppData\Local\Programs\Python\Python39\lib\site-packages\fastapi\applications.py", line 1135, in __call__
    await super().__call__(scope, receive, send)
  File "C:\Users\sweth\AppData\Local\Programs\Python\Python39\lib\site-packages\starlette\applications.py", line 113, in __call__
    await self.middleware_stack(scope, receive, send)
  File "C:\Users\sweth\AppData\Local\Programs\Python\Python39\lib\site-packages\starlette\middleware\errors.py", line 186, in __call__
    raise exc
  File "C:\Users\sweth\AppData\Local\Programs\Python\Python39\lib\site-packages\starlette\middleware\errors.py", line 164, in __call__
    await self.app(scope, receive, _send)
  File "C:\Users\sweth\AppData\Local\Programs\Python\Python39\lib\site-packages\gradio\route_utils.py", line 761, in __call__
    await self.app(scope, receive, send)
  File "C:\Users\sweth\AppData\Local\Programs\Python\Python39\lib\site-packages\starlette\middleware\exceptions.py", line 63, in __call__
    await wrap_app_handling_exceptions(self.app, conn)(scope, receive, send)
  File "C:\Users\sweth\AppData\Local\Programs\Python\Python39\lib\site-packages\starlette\_exception_handler.py", line 53, in wrapped_app
    raise exc
  File "C:\Users\sweth\AppData\Local\Programs\Python\Python39\lib\site-packages\starlette\_exception_handler.py", line 42, in wrapped_app
    await app(scope, receive, sender)
  File "C:\Users\sweth\AppData\Local\Programs\Python\Python39\lib\site-packages\fastapi\middleware\asyncexitstack.py", line 18, in __call__
    await self.app(scope, receive, send)
  File "C:\Users\sweth\AppData\Local\Programs\Python\Python39\lib\site-packages\starlette\routing.py", line 716, in __call__
    await self.middleware_stack(scope, receive, send)
  File "C:\Users\sweth\AppData\Local\Programs\Python\Python39\lib\site-packages\starlette\routing.py", line 736, in app
    await route.handle(scope, receive, send)
  File "C:\Users\sweth\AppData\Local\Programs\Python\Python39\lib\site-packages\starlette\routing.py", line 290, in handle
    await self.app(scope, receive, send)
  File "C:\Users\sweth\AppData\Local\Programs\Python\Python39\lib\site-packages\fastapi\routing.py", line 115, in app
    await wrap_app_handling_exceptions(app, request)(scope, receive, send)
  File "C:\Users\sweth\AppData\Local\Programs\Python\Python39\lib\site-packages\starlette\_exception_handler.py", line 53, in wrapped_app
    raise exc
  File "C:\Users\sweth\AppData\Local\Programs\Python\Python39\lib\site-packages\starlette\_exception_handler.py", line 42, in wrapped_app
    await app(scope, receive, sender)
  File "C:\Users\sweth\AppData\Local\Programs\Python\Python39\lib\site-packages\fastapi\routing.py", line 101, in app
    response = await f(request)
  File "C:\Users\sweth\AppData\Local\Programs\Python\Python39\lib\site-packages\fastapi\routing.py", line 355, in app
    raw_response = await run_endpoint_function(
  File "C:\Users\sweth\AppData\Local\Programs\Python\Python39\lib\site-packages\fastapi\routing.py", line 245, in run_endpoint_function
    return await run_in_threadpool(dependant.call, **values)
  File "C:\Users\sweth\AppData\Local\Programs\Python\Python39\lib\site-packages\starlette\concurrency.py", line 38, in run_in_threadpool
    return await anyio.to_thread.run_sync(func)
  File "C:\Users\sweth\AppData\Local\Programs\Python\Python39\lib\site-packages\anyio\to_thread.py", line 63, in run_sync
    return await get_async_backend().run_sync_in_worker_thread(
  File "C:\Users\sweth\AppData\Local\Programs\Python\Python39\lib\site-packages\anyio\_backends\_asyncio.py", line 2502, in run_sync_in_worker_thread
    return await future
  File "C:\Users\sweth\AppData\Local\Programs\Python\Python39\lib\site-packages\anyio\_backends\_asyncio.py", line 986, in run
    result = context.run(func, *args)
  File "C:\Users\sweth\AppData\Local\Programs\Python\Python39\lib\site-packages\gradio\routes.py", line 431, in main
    gradio_api_info = api_info(False)
  File "C:\Users\sweth\AppData\Local\Programs\Python\Python39\lib\site-packages\gradio\routes.py", line 460, in api_info
    app.api_info = app.get_blocks().get_api_info()
  File "C:\Users\sweth\AppData\Local\Programs\Python\Python39\lib\site-packages\gradio\blocks.py", line 2785, in get_api_info
    python_type = client_utils.json_schema_to_python_type(info)
  File "C:\Users\sweth\AppData\Local\Programs\Python\Python39\lib\site-packages\gradio_client\utils.py", line 893, in json_schema_to_python_type
    type_ = _json_schema_to_python_type(schema, schema.get("$defs"))
  File "C:\Users\sweth\AppData\Local\Programs\Python\Python39\lib\site-packages\gradio_client\utils.py", line 947, in _json_schema_to_python_type
    des = [
  File "C:\Users\sweth\AppData\Local\Programs\Python\Python39\lib\site-packages\gradio_client\utils.py", line 948, in <listcomp>
    f"{n}: {_json_schema_to_python_type(v, defs)}{get_desc(v)}"
  File "C:\Users\sweth\AppData\Local\Programs\Python\Python39\lib\site-packages\gradio_client\utils.py", line 955, in _json_schema_to_python_type
    f"str, {_json_schema_to_python_type(schema['additionalProperties'], defs)}"
  File "C:\Users\sweth\AppData\Local\Programs\Python\Python39\lib\site-packages\gradio_client\utils.py", line 901, in _json_schema_to_python_type
    type_ = get_type(schema)
  File "C:\Users\sweth\AppData\Local\Programs\Python\Python39\lib\site-packages\gradio_client\utils.py", line 863, in get_type
    if "const" in schema:
TypeError: argument of type 'bool' is not iterable
ERROR:    Exception in ASGI application
Traceback (most recent call last):
  File "C:\Users\sweth\AppData\Local\Programs\Python\Python39\lib\site-packages\uvicorn\protocols\http\h11_impl.py", line 409, in run_asgi
    result = await app(  # type: ignore[func-returns-value]
  File "C:\Users\sweth\AppData\Local\Programs\Python\Python39\lib\site-packages\uvicorn\middleware\proxy_headers.py", line 60, in __call__
    return await self.app(scope, receive, send)
  File "C:\Users\sweth\AppData\Local\Programs\Python\Python39\lib\site-packages\fastapi\applications.py", line 1135, in __call__
    await super().__call__(scope, receive, send)
  File "C:\Users\sweth\AppData\Local\Programs\Python\Python39\lib\site-packages\starlette\applications.py", line 113, in __call__
    await self.middleware_stack(scope, receive, send)
  File "C:\Users\sweth\AppData\Local\Programs\Python\Python39\lib\site-packages\starlette\middleware\errors.py", line 186, in __call__
    raise exc
  File "C:\Users\sweth\AppData\Local\Programs\Python\Python39\lib\site-packages\starlette\middleware\errors.py", line 164, in __call__
    await self.app(scope, receive, _send)
  File "C:\Users\sweth\AppData\Local\Programs\Python\Python39\lib\site-packages\gradio\route_utils.py", line 761, in __call__
    await self.app(scope, receive, send)
  File "C:\Users\sweth\AppData\Local\Programs\Python\Python39\lib\site-packages\starlette\middleware\exceptions.py", line 63, in __call__
    await wrap_app_handling_exceptions(self.app, conn)(scope, receive, send)
  File "C:\Users\sweth\AppData\Local\Programs\Python\Python39\lib\site-packages\starlette\_exception_handler.py", line 53, in wrapped_app
    raise exc
  File "C:\Users\sweth\AppData\Local\Programs\Python\Python39\lib\site-packages\starlette\_exception_handler.py", line 42, in wrapped_app
    await app(scope, receive, sender)
  File "C:\Users\sweth\AppData\Local\Programs\Python\Python39\lib\site-packages\fastapi\middleware\asyncexitstack.py", line 18, in __call__
    await self.app(scope, receive, send)
  File "C:\Users\sweth\AppData\Local\Programs\Python\Python39\lib\site-packages\starlette\routing.py", line 716, in __call__
    await self.middleware_stack(scope, receive, send)
  File "C:\Users\sweth\AppData\Local\Programs\Python\Python39\lib\site-packages\starlette\routing.py", line 736, in app
    await route.handle(scope, receive, send)
  File "C:\Users\sweth\AppData\Local\Programs\Python\Python39\lib\site-packages\starlette\routing.py", line 290, in handle
    await self.app(scope, receive, send)
  File "C:\Users\sweth\AppData\Local\Programs\Python\Python39\lib\site-packages\fastapi\routing.py", line 115, in app
    await wrap_app_handling_exceptions(app, request)(scope, receive, send)
  File "C:\Users\sweth\AppData\Local\Programs\Python\Python39\lib\site-packages\starlette\_exception_handler.py", line 53, in wrapped_app
    raise exc
  File "C:\Users\sweth\AppData\Local\Programs\Python\Python39\lib\site-packages\starlette\_exception_handler.py", line 42, in wrapped_app
    await app(scope, receive, sender)
  File "C:\Users\sweth\AppData\Local\Programs\Python\Python39\lib\site-packages\fastapi\routing.py", line 101, in app
    response = await f(request)
  File "C:\Users\sweth\AppData\Local\Programs\Python\Python39\lib\site-packages\fastapi\routing.py", line 355, in app
    raw_response = await run_endpoint_function(
  File "C:\Users\sweth\AppData\Local\Programs\Python\Python39\lib\site-packages\fastapi\routing.py", line 245, in run_endpoint_function
    return await run_in_threadpool(dependant.call, **values)
  File "C:\Users\sweth\AppData\Local\Programs\Python\Python39\lib\site-packages\starlette\concurrency.py", line 38, in run_in_threadpool
    return await anyio.to_thread.run_sync(func)
  File "C:\Users\sweth\AppData\Local\Programs\Python\Python39\lib\site-packages\anyio\to_thread.py", line 63, in run_sync
    return await get_async_backend().run_sync_in_worker_thread(
  File "C:\Users\sweth\AppData\Local\Programs\Python\Python39\lib\site-packages\anyio\_backends\_asyncio.py", line 2502, in run_sync_in_worker_thread
    return await future
  File "C:\Users\sweth\AppData\Local\Programs\Python\Python39\lib\site-packages\anyio\_backends\_asyncio.py", line 986, in run
    result = context.run(func, *args)
  File "C:\Users\sweth\AppData\Local\Programs\Python\Python39\lib\site-packages\gradio\routes.py", line 431, in main
    gradio_api_info = api_info(False)
  File "C:\Users\sweth\AppData\Local\Programs\Python\Python39\lib\site-packages\gradio\routes.py", line 460, in api_info
    app.api_info = app.get_blocks().get_api_info()
  File "C:\Users\sweth\AppData\Local\Programs\Python\Python39\lib\site-packages\gradio\blocks.py", line 2785, in get_api_info
    python_type = client_utils.json_schema_to_python_type(info)
  File "C:\Users\sweth\AppData\Local\Programs\Python\Python39\lib\site-packages\gradio_client\utils.py", line 893, in json_schema_to_python_type
    type_ = _json_schema_to_python_type(schema, schema.get("$defs"))
  File "C:\Users\sweth\AppData\Local\Programs\Python\Python39\lib\site-packages\gradio_client\utils.py", line 947, in _json_schema_to_python_type
    des = [
  File "C:\Users\sweth\AppData\Local\Programs\Python\Python39\lib\site-packages\gradio_client\utils.py", line 948, in <listcomp>
    f"{n}: {_json_schema_to_python_type(v, defs)}{get_desc(v)}"
  File "C:\Users\sweth\AppData\Local\Programs\Python\Python39\lib\site-packages\gradio_client\utils.py", line 955, in _json_schema_to_python_type
    f"str, {_json_schema_to_python_type(schema['additionalProperties'], defs)}"
  File "C:\Users\sweth\AppData\Local\Programs\Python\Python39\lib\site-packages\gradio_client\utils.py", line 901, in _json_schema_to_python_type
    type_ = get_type(schema)
  File "C:\Users\sweth\AppData\Local\Programs\Python\Python39\lib\site-packages\gradio_client\utils.py", line 863, in get_type
    if "const" in schema:
TypeError: argument of type 'bool' is not iterable
Traceback (most recent call last):
  File "C:\Users\sweth\OneDrive\Desktop\tech\Techgium-AutoDub\BackEnd\Multilingual-Dubbing-main\Multilingual-Dubbing-main\app.py", line 1079, in <module>
    main()
  File "C:\Users\sweth\AppData\Local\Programs\Python\Python39\lib\site-packages\click\core.py", line 1161, in __call__
    return self.main(*args, **kwargs)
  File "C:\Users\sweth\AppData\Local\Programs\Python\Python39\lib\site-packages\click\core.py", line 1082, in main
    rv = self.invoke(ctx)
  File "C:\Users\sweth\AppData\Local\Programs\Python\Python39\lib\site-packages\click\core.py", line 1443, in invoke
    return ctx.invoke(self.callback, **ctx.params)
  File "C:\Users\sweth\AppData\Local\Programs\Python\Python39\lib\site-packages\click\core.py", line 788, in invoke
    return __callback(*args, **kwargs)
  File "C:\Users\sweth\OneDrive\Desktop\tech\Techgium-AutoDub\BackEnd\Multilingual-Dubbing-main\Multilingual-Dubbing-main\app.py", line 1075, in main
    demo.queue().launch(debug=debug, share=share)
  File "C:\Users\sweth\AppData\Local\Programs\Python\Python39\lib\site-packages\gradio\blocks.py", line 2465, in launch
    raise ValueError(
ValueError: When localhost is not accessible, a shareable link must be created. Please set share=True or check your proxy settings to allow access to localhost.

