Collecting gradio>=5.6.0
  Using cached gradio-6.2.0-py3-none-any.whl.metadata (16 kB)
Collecting kokoro>=0.8.4
  Using cached kokoro-0.9.4-py3-none-any.whl.metadata (21 kB)
Collecting misaki[zh]
  Using cached misaki-0.9.4-py3-none-any.whl.metadata (19 kB)
Collecting aiofiles<25.0,>=22.0 (from gradio>=5.6.0)
  Using cached aiofiles-24.1.0-py3-none-any.whl.metadata (10 kB)
Requirement already satisfied: anyio<5.0,>=3.0 in c:\users\sweth\onedrive\desktop\tech\techgium-autodub\backend\multilingual-dubbing-main\multilingual-dubbing-main\venv311\lib\site-packages (from gradio>=5.6.0) (4.12.1)
Collecting brotli>=1.1.0 (from gradio>=5.6.0)
  Using cached brotli-1.2.0-cp311-cp311-win_amd64.whl.metadata (6.3 kB)
Collecting fastapi<1.0,>=0.115.2 (from gradio>=5.6.0)
  Using cached fastapi-0.128.0-py3-none-any.whl.metadata (30 kB)
Collecting ffmpy (from gradio>=5.6.0)
  Using cached ffmpy-1.0.0-py3-none-any.whl.metadata (3.0 kB)
Collecting gradio-client==2.0.2 (from gradio>=5.6.0)
  Using cached gradio_client-2.0.2-py3-none-any.whl.metadata (7.1 kB)
Collecting groovy~=0.1 (from gradio>=5.6.0)
  Using cached groovy-0.1.2-py3-none-any.whl.metadata (6.1 kB)
Requirement already satisfied: httpx<1.0,>=0.24.1 in c:\users\sweth\onedrive\desktop\tech\techgium-autodub\backend\multilingual-dubbing-main\multilingual-dubbing-main\venv311\lib\site-packages (from gradio>=5.6.0) (0.28.1)
Requirement already satisfied: huggingface-hub<2.0,>=0.33.5 in c:\users\sweth\onedrive\desktop\tech\techgium-autodub\backend\multilingual-dubbing-main\multilingual-dubbing-main\venv311\lib\site-packages (from gradio>=5.6.0) (1.2.4)
Requirement already satisfied: jinja2<4.0 in c:\users\sweth\onedrive\desktop\tech\techgium-autodub\backend\multilingual-dubbing-main\multilingual-dubbing-main\venv311\lib\site-packages (from gradio>=5.6.0) (3.1.6)
Requirement already satisfied: markupsafe<4.0,>=2.0 in c:\users\sweth\onedrive\desktop\tech\techgium-autodub\backend\multilingual-dubbing-main\multilingual-dubbing-main\venv311\lib\site-packages (from gradio>=5.6.0) (3.0.3)
Requirement already satisfied: numpy<3.0,>=1.0 in c:\users\sweth\onedrive\desktop\tech\techgium-autodub\backend\multilingual-dubbing-main\multilingual-dubbing-main\venv311\lib\site-packages (from gradio>=5.6.0) (2.4.0)
Collecting orjson~=3.0 (from gradio>=5.6.0)
  Using cached orjson-3.11.5-cp311-cp311-win_amd64.whl.metadata (42 kB)
Requirement already satisfied: packaging in c:\users\sweth\onedrive\desktop\tech\techgium-autodub\backend\multilingual-dubbing-main\multilingual-dubbing-main\venv311\lib\site-packages (from gradio>=5.6.0) (25.0)
Collecting pandas<3.0,>=1.0 (from gradio>=5.6.0)
  Using cached pandas-2.3.3-cp311-cp311-win_amd64.whl.metadata (19 kB)
Collecting pillow<13.0,>=8.0 (from gradio>=5.6.0)
  Using cached pillow-12.1.0-cp311-cp311-win_amd64.whl.metadata (9.0 kB)
Collecting pydantic<=3.0,>=2.0 (from gradio>=5.6.0)
  Using cached pydantic-2.12.5-py3-none-any.whl.metadata (90 kB)
Collecting pydub (from gradio>=5.6.0)
  Using cached pydub-0.25.1-py2.py3-none-any.whl.metadata (1.4 kB)
Collecting python-multipart>=0.0.18 (from gradio>=5.6.0)
  Using cached python_multipart-0.0.21-py3-none-any.whl.metadata (1.8 kB)
Requirement already satisfied: pyyaml<7.0,>=5.0 in c:\users\sweth\onedrive\desktop\tech\techgium-autodub\backend\multilingual-dubbing-main\multilingual-dubbing-main\venv311\lib\site-packages (from gradio>=5.6.0) (6.0.3)
Collecting safehttpx<0.2.0,>=0.1.7 (from gradio>=5.6.0)
  Using cached safehttpx-0.1.7-py3-none-any.whl.metadata (4.2 kB)
Collecting semantic-version~=2.0 (from gradio>=5.6.0)
  Using cached semantic_version-2.10.0-py2.py3-none-any.whl.metadata (9.7 kB)
Collecting starlette<1.0,>=0.40.0 (from gradio>=5.6.0)
  Using cached starlette-0.50.0-py3-none-any.whl.metadata (6.3 kB)
Collecting tomlkit<0.14.0,>=0.12.0 (from gradio>=5.6.0)
  Using cached tomlkit-0.13.3-py3-none-any.whl.metadata (2.8 kB)
Collecting typer<1.0,>=0.12 (from gradio>=5.6.0)
  Using cached typer-0.21.1-py3-none-any.whl.metadata (16 kB)
Requirement already satisfied: typing-extensions~=4.0 in c:\users\sweth\onedrive\desktop\tech\techgium-autodub\backend\multilingual-dubbing-main\multilingual-dubbing-main\venv311\lib\site-packages (from gradio>=5.6.0) (4.15.0)
Collecting uvicorn>=0.14.0 (from gradio>=5.6.0)
  Using cached uvicorn-0.40.0-py3-none-any.whl.metadata (6.7 kB)
Requirement already satisfied: fsspec in c:\users\sweth\onedrive\desktop\tech\techgium-autodub\backend\multilingual-dubbing-main\multilingual-dubbing-main\venv311\lib\site-packages (from gradio-client==2.0.2->gradio>=5.6.0) (2025.12.0)
Requirement already satisfied: idna>=2.8 in c:\users\sweth\onedrive\desktop\tech\techgium-autodub\backend\multilingual-dubbing-main\multilingual-dubbing-main\venv311\lib\site-packages (from anyio<5.0,>=3.0->gradio>=5.6.0) (3.11)
Collecting annotated-doc>=0.0.2 (from fastapi<1.0,>=0.115.2->gradio>=5.6.0)
  Using cached annotated_doc-0.0.4-py3-none-any.whl.metadata (6.6 kB)
Requirement already satisfied: certifi in c:\users\sweth\onedrive\desktop\tech\techgium-autodub\backend\multilingual-dubbing-main\multilingual-dubbing-main\venv311\lib\site-packages (from httpx<1.0,>=0.24.1->gradio>=5.6.0) (2026.1.4)
Requirement already satisfied: httpcore==1.* in c:\users\sweth\onedrive\desktop\tech\techgium-autodub\backend\multilingual-dubbing-main\multilingual-dubbing-main\venv311\lib\site-packages (from httpx<1.0,>=0.24.1->gradio>=5.6.0) (1.0.9)
Requirement already satisfied: h11>=0.16 in c:\users\sweth\onedrive\desktop\tech\techgium-autodub\backend\multilingual-dubbing-main\multilingual-dubbing-main\venv311\lib\site-packages (from httpcore==1.*->httpx<1.0,>=0.24.1->gradio>=5.6.0) (0.16.0)
Requirement already satisfied: filelock in c:\users\sweth\onedrive\desktop\tech\techgium-autodub\backend\multilingual-dubbing-main\multilingual-dubbing-main\venv311\lib\site-packages (from huggingface-hub<2.0,>=0.33.5->gradio>=5.6.0) (3.20.2)
Requirement already satisfied: hf-xet<2.0.0,>=1.2.0 in c:\users\sweth\onedrive\desktop\tech\techgium-autodub\backend\multilingual-dubbing-main\multilingual-dubbing-main\venv311\lib\site-packages (from huggingface-hub<2.0,>=0.33.5->gradio>=5.6.0) (1.2.0)
Requirement already satisfied: shellingham in c:\users\sweth\onedrive\desktop\tech\techgium-autodub\backend\multilingual-dubbing-main\multilingual-dubbing-main\venv311\lib\site-packages (from huggingface-hub<2.0,>=0.33.5->gradio>=5.6.0) (1.5.4)
Requirement already satisfied: tqdm>=4.42.1 in c:\users\sweth\onedrive\desktop\tech\techgium-autodub\backend\multilingual-dubbing-main\multilingual-dubbing-main\venv311\lib\site-packages (from huggingface-hub<2.0,>=0.33.5->gradio>=5.6.0) (4.67.1)
Requirement already satisfied: typer-slim in c:\users\sweth\onedrive\desktop\tech\techgium-autodub\backend\multilingual-dubbing-main\multilingual-dubbing-main\venv311\lib\site-packages (from huggingface-hub<2.0,>=0.33.5->gradio>=5.6.0) (0.21.1)
Collecting python-dateutil>=2.8.2 (from pandas<3.0,>=1.0->gradio>=5.6.0)
  Using cached python_dateutil-2.9.0.post0-py2.py3-none-any.whl.metadata (8.4 kB)
Collecting pytz>=2020.1 (from pandas<3.0,>=1.0->gradio>=5.6.0)
  Using cached pytz-2025.2-py2.py3-none-any.whl.metadata (22 kB)
Collecting tzdata>=2022.7 (from pandas<3.0,>=1.0->gradio>=5.6.0)
  Using cached tzdata-2025.3-py2.py3-none-any.whl.metadata (1.4 kB)
Collecting annotated-types>=0.6.0 (from pydantic<=3.0,>=2.0->gradio>=5.6.0)
  Using cached annotated_types-0.7.0-py3-none-any.whl.metadata (15 kB)
Collecting pydantic-core==2.41.5 (from pydantic<=3.0,>=2.0->gradio>=5.6.0)
  Using cached pydantic_core-2.41.5-cp311-cp311-win_amd64.whl.metadata (7.4 kB)
Collecting typing-inspection>=0.4.2 (from pydantic<=3.0,>=2.0->gradio>=5.6.0)
  Using cached typing_inspection-0.4.2-py3-none-any.whl.metadata (2.6 kB)
Requirement already satisfied: click>=8.0.0 in c:\users\sweth\onedrive\desktop\tech\techgium-autodub\backend\multilingual-dubbing-main\multilingual-dubbing-main\venv311\lib\site-packages (from typer<1.0,>=0.12->gradio>=5.6.0) (8.3.1)
Collecting rich>=10.11.0 (from typer<1.0,>=0.12->gradio>=5.6.0)
  Using cached rich-14.2.0-py3-none-any.whl.metadata (18 kB)
Collecting loguru (from kokoro>=0.8.4)
  Using cached loguru-0.7.3-py3-none-any.whl.metadata (22 kB)
Requirement already satisfied: torch in c:\users\sweth\onedrive\desktop\tech\techgium-autodub\backend\multilingual-dubbing-main\multilingual-dubbing-main\venv311\lib\site-packages (from kokoro>=0.8.4) (2.9.1)
Collecting transformers (from kokoro>=0.8.4)
  Using cached transformers-4.57.3-py3-none-any.whl.metadata (43 kB)
Collecting addict (from misaki[zh])
  Using cached addict-2.4.0-py3-none-any.whl.metadata (1.0 kB)
Collecting regex (from misaki[zh])
  Using cached regex-2025.11.3-cp311-cp311-win_amd64.whl.metadata (41 kB)
Collecting cn2an (from misaki[zh])
  Using cached cn2an-0.5.23-py3-none-any.whl.metadata (10 kB)
Collecting jieba (from misaki[zh])
  Using cached jieba-0.42.1.tar.gz (19.2 MB)
  Installing build dependencies: started
  Installing build dependencies: finished with status 'done'
  Getting requirements to build wheel: started
  Getting requirements to build wheel: finished with status 'done'
  Preparing metadata (pyproject.toml): started
  Preparing metadata (pyproject.toml): finished with status 'done'
Collecting ordered-set (from misaki[zh])
  Using cached ordered_set-4.1.0-py3-none-any.whl.metadata (5.3 kB)
Collecting pypinyin (from misaki[zh])
  Using cached pypinyin-0.55.0-py2.py3-none-any.whl.metadata (12 kB)
Collecting pypinyin-dict (from misaki[zh])
  Using cached pypinyin_dict-0.9.0-py2.py3-none-any.whl.metadata (3.8 kB)
Collecting fugashi (from misaki[ja])
  Using cached fugashi-1.5.2-cp311-cp311-win_amd64.whl.metadata (7.5 kB)
Collecting jaconv (from misaki[ja])
  Using cached jaconv-0.4.1-py3-none-any.whl.metadata (8.0 kB)
Collecting mojimoji (from misaki[ja])
  Using cached mojimoji-0.0.13-cp311-cp311-win_amd64.whl.metadata (3.6 kB)
Collecting pyopenjtalk (from misaki[ja])
  Using cached pyopenjtalk-0.4.1.tar.gz (1.4 MB)
  Installing build dependencies: started
  Installing build dependencies: finished with status 'done'
  Getting requirements to build wheel: started
  Getting requirements to build wheel: finished with status 'error'
.\venv311\Scripts\python.exe
 :   error: 
subprocess-exited-with-error
At line:1 char:1
+ .\venv311\Scripts\python.e
xe -m pip install 
gradio>=5.6.0 kokoro>=0.8 
...
+ ~~~~~~~~~~~~~~~~~~~~~~~~~~
~~~~~~~~~~~~~~~~~~~~~~~~~~~~
~~~~~~~~~~~~~~~
    + CategoryInfo          
    : NotSpecified: (  err  
  or: subprocess-exited-w   
 ith-error:String) [], R    
emoteException
    + FullyQualifiedErrorId 
    : NativeCommandError
 
  
  Getting requirements to 
build wheel did not run 
successfully.
  exit code: 1
  
  [37 lines of output]
  -- Building for: NMake 
Makefiles
  CMake Error at 
CMakeLists.txt:17 (project):
    Running
  
     'nmake' '-?'
  
    failed with:
  
     no such file or 
directory
  
  
  CMake Error: 
CMAKE_C_COMPILER not set, 
after EnableLanguage
  CMake Error: 
CMAKE_CXX_COMPILER not set, 
after EnableLanguage
  -- Configuring 
incomplete, errors occurred!
  CMake is in the system 
path. Version:              
 cmake version 4.2.1
  
  CMake suite maintained 
and supported by Kitware 
(kitware.com/cmake).
  Traceback (most recent 
call last):
    File "C:\Users\sweth\One
Drive\Desktop\tech\Techgium-
AutoDub\BackEnd\Multilingual
-Dubbing-main\Multilingual-D
ubbing-main\venv311\Lib\site
-packages\pip\_vendor\pyproj
ect_hooks\_in_process\_in_pr
ocess.py", line 389, in 
<module>
      main()
    File "C:\Users\sweth\One
Drive\Desktop\tech\Techgium-
AutoDub\BackEnd\Multilingual
-Dubbing-main\Multilingual-D
ubbing-main\venv311\Lib\site
-packages\pip\_vendor\pyproj
ect_hooks\_in_process\_in_pr
ocess.py", line 373, in main
      
json_out["return_val"] = 
hook(**hook_input["kwargs"])
                            
   
^^^^^^^^^^^^^^^^^^^^^^^^^^^^
    File "C:\Users\sweth\One
Drive\Desktop\tech\Techgium-
AutoDub\BackEnd\Multilingual
-Dubbing-main\Multilingual-D
ubbing-main\venv311\Lib\site
-packages\pip\_vendor\pyproj
ect_hooks\_in_process\_in_pr
ocess.py", line 143, in 
get_requires_for_build_wheel
      return 
hook(config_settings)
             
^^^^^^^^^^^^^^^^^^^^^
    File "C:\Users\sweth\App
Data\Local\Temp\pip-build-en
v-9zajily6\overlay\Lib\site-
packages\setuptools\build_me
ta.py", line 331, in 
get_requires_for_build_wheel
      return self._get_build
_requires(config_settings, 
requirements=[])
             ^^^^^^^^^^^^^^^
^^^^^^^^^^^^^^^^^^^^^^^^^^^^
^^^^^^^^^^^^^^^
    File "C:\Users\sweth\App
Data\Local\Temp\pip-build-en
v-9zajily6\overlay\Lib\site-
packages\setuptools\build_me
ta.py", line 301, in 
_get_build_requires
      self.run_setup()
    File "C:\Users\sweth\App
Data\Local\Temp\pip-build-en
v-9zajily6\overlay\Lib\site-
packages\setuptools\build_me
ta.py", line 317, in 
run_setup
      exec(code, locals())
    File "<string>", line 
105, in <module>
    File "C:\Users\sweth\App
Data\Local\Programs\Python\P
ython311\Lib\subprocess.py",
 line 502, in 
check_returncode
      raise CalledProcessErr
or(self.returncode, 
self.args, self.stdout,
  subprocess.CalledProcessEr
ror: Command '['cmake', 
'..']' returned non-zero 
exit status 1.
  [end of output]
  
  note: This error 
originates from a 
subprocess, and is likely 
not a problem with pip.
ERROR: Failed to build 
'pyopenjtalk' when getting 
requirements to build wheel
