Collecting gradio>=5.6.0
  Using cached gradio-6.2.0-py3-none-any.whl.metadata (16 kB)
Collecting kokoro>=0.8.4
  Using cached kokoro-0.9.4-py3-none-any.whl.metadata (21 kB)
Collecting misaki
  Using cached misaki-0.9.4-py3-none-any.whl.metadata (19 kB)
Collecting pydub
  Using cached pydub-0.25.1-py2.py3-none-any.whl.metadata (1.4 kB)
Requirement already satisfied: tqdm in c:\users\sweth\onedrive\desktop\tech\techgium-autodub\backend\multilingual-dubbing-main\multilingual-dubbing-main\venv311\lib\site-packages (4.67.1)
Requirement already satisfied: huggingface-hub in c:\users\sweth\onedrive\desktop\tech\techgium-autodub\backend\multilingual-dubbing-main\multilingual-dubbing-main\venv311\lib\site-packages (1.2.4)
Collecting audio-separator
  Using cached audio_separator-0.40.0-py3-none-any.whl.metadata (36 kB)
Collecting static-ffmpeg
  Using cached static_ffmpeg-2.13-py3-none-any.whl.metadata (6.0 kB)
Collecting transformers
  Using cached transformers-4.57.3-py3-none-any.whl.metadata (43 kB)
Collecting num2words
  Using cached num2words-0.5.14-py3-none-any.whl.metadata (13 kB)
Collecting spacy
  Using cached spacy-3.8.11-cp311-cp311-win_amd64.whl.metadata (28 kB)
Collecting phonemizer
  Using cached phonemizer-3.3.0-py3-none-any.whl.metadata (48 kB)
Collecting loguru
  Using cached loguru-0.7.3-py3-none-any.whl.metadata (22 kB)
Requirement already satisfied: click in c:\users\sweth\onedrive\desktop\tech\techgium-autodub\backend\multilingual-dubbing-main\multilingual-dubbing-main\venv311\lib\site-packages (8.3.1)
Collecting pysrt
  Using cached pysrt-1.1.2.tar.gz (104 kB)
  Installing build dependencies: started
  Installing build dependencies: finished with status 'done'
  Getting requirements to build wheel: started
  Getting requirements to build wheel: finished with status 'done'
  Preparing metadata (pyproject.toml): started
  Preparing metadata (pyproject.toml): finished with status 'done'
Collecting deep_translator
  Using cached deep_translator-1.11.4-py3-none-any.whl.metadata (30 kB)
Collecting edge-tts
  Using cached edge_tts-7.2.7-py3-none-any.whl.metadata (5.5 kB)
Collecting nltk
  Using cached nltk-3.9.2-py3-none-any.whl.metadata (3.2 kB)
Collecting soundfile
  Using cached soundfile-0.13.1-py2.py3-none-win_amd64.whl.metadata (16 kB)
Collecting librosa
  Using cached librosa-0.11.0-py3-none-any.whl.metadata (8.7 kB)
Collecting aiofiles<25.0,>=22.0 (from gradio>=5.6.0)
  Using cached aiofiles-24.1.0-py3-none-any.whl.metadata (10 kB)
Requirement already satisfied: anyio<5.0,>=3.0 in c:\users\sweth\onedrive\desktop\tech\techgium-autodub\backend\multilingual-dubbing-main\multilingual-dubbing-main\venv311\lib\site-packages (from gradio>=5.6.0) (4.12.1)
Collecting brotli>=1.1.0 (from gradio>=5.6.0)
  Using cached brotli-1.2.0-cp311-cp311-win_amd64.whl.metadata (6.3 kB)
Collecting fastapi<1.0,>=0.115.2 (from gradio>=5.6.0)
  Using cached fastapi-0.128.0-py3-none-any.whl.metadata (30 kB)
Collecting ffmpy (from gradio>=5.6.0)
  Using cached ffmpy-1.0.0-py3-none-any.whl.metadata (3.0 kB)
Collecting gradio-client==2.0.2 (from gradio>=5.6.0)
  Using cached gradio_client-2.0.2-py3-none-any.whl.metadata (7.1 kB)
Collecting groovy~=0.1 (from gradio>=5.6.0)
  Using cached groovy-0.1.2-py3-none-any.whl.metadata (6.1 kB)
Requirement already satisfied: httpx<1.0,>=0.24.1 in c:\users\sweth\onedrive\desktop\tech\techgium-autodub\backend\multilingual-dubbing-main\multilingual-dubbing-main\venv311\lib\site-packages (from gradio>=5.6.0) (0.28.1)
Requirement already satisfied: jinja2<4.0 in c:\users\sweth\onedrive\desktop\tech\techgium-autodub\backend\multilingual-dubbing-main\multilingual-dubbing-main\venv311\lib\site-packages (from gradio>=5.6.0) (3.1.6)
Requirement already satisfied: markupsafe<4.0,>=2.0 in c:\users\sweth\onedrive\desktop\tech\techgium-autodub\backend\multilingual-dubbing-main\multilingual-dubbing-main\venv311\lib\site-packages (from gradio>=5.6.0) (3.0.3)
Requirement already satisfied: numpy<3.0,>=1.0 in c:\users\sweth\onedrive\desktop\tech\techgium-autodub\backend\multilingual-dubbing-main\multilingual-dubbing-main\venv311\lib\site-packages (from gradio>=5.6.0) (2.4.0)
Collecting orjson~=3.0 (from gradio>=5.6.0)
  Using cached orjson-3.11.5-cp311-cp311-win_amd64.whl.metadata (42 kB)
Requirement already satisfied: packaging in c:\users\sweth\onedrive\desktop\tech\techgium-autodub\backend\multilingual-dubbing-main\multilingual-dubbing-main\venv311\lib\site-packages (from gradio>=5.6.0) (25.0)
Collecting pandas<3.0,>=1.0 (from gradio>=5.6.0)
  Using cached pandas-2.3.3-cp311-cp311-win_amd64.whl.metadata (19 kB)
Collecting pillow<13.0,>=8.0 (from gradio>=5.6.0)
  Using cached pillow-12.1.0-cp311-cp311-win_amd64.whl.metadata (9.0 kB)
Collecting pydantic<=3.0,>=2.0 (from gradio>=5.6.0)
  Using cached pydantic-2.12.5-py3-none-any.whl.metadata (90 kB)
Collecting python-multipart>=0.0.18 (from gradio>=5.6.0)
  Using cached python_multipart-0.0.21-py3-none-any.whl.metadata (1.8 kB)
Requirement already satisfied: pyyaml<7.0,>=5.0 in c:\users\sweth\onedrive\desktop\tech\techgium-autodub\backend\multilingual-dubbing-main\multilingual-dubbing-main\venv311\lib\site-packages (from gradio>=5.6.0) (6.0.3)
Collecting safehttpx<0.2.0,>=0.1.7 (from gradio>=5.6.0)
  Using cached safehttpx-0.1.7-py3-none-any.whl.metadata (4.2 kB)
Collecting semantic-version~=2.0 (from gradio>=5.6.0)
  Using cached semantic_version-2.10.0-py2.py3-none-any.whl.metadata (9.7 kB)
Collecting starlette<1.0,>=0.40.0 (from gradio>=5.6.0)
  Using cached starlette-0.50.0-py3-none-any.whl.metadata (6.3 kB)
Collecting tomlkit<0.14.0,>=0.12.0 (from gradio>=5.6.0)
  Using cached tomlkit-0.13.3-py3-none-any.whl.metadata (2.8 kB)
Collecting typer<1.0,>=0.12 (from gradio>=5.6.0)
  Using cached typer-0.21.1-py3-none-any.whl.metadata (16 kB)
Requirement already satisfied: typing-extensions~=4.0 in c:\users\sweth\onedrive\desktop\tech\techgium-autodub\backend\multilingual-dubbing-main\multilingual-dubbing-main\venv311\lib\site-packages (from gradio>=5.6.0) (4.15.0)
Collecting uvicorn>=0.14.0 (from gradio>=5.6.0)
  Using cached uvicorn-0.40.0-py3-none-any.whl.metadata (6.7 kB)
Requirement already satisfied: fsspec in c:\users\sweth\onedrive\desktop\tech\techgium-autodub\backend\multilingual-dubbing-main\multilingual-dubbing-main\venv311\lib\site-packages (from gradio-client==2.0.2->gradio>=5.6.0) (2025.12.0)
Requirement already satisfied: filelock in c:\users\sweth\onedrive\desktop\tech\techgium-autodub\backend\multilingual-dubbing-main\multilingual-dubbing-main\venv311\lib\site-packages (from huggingface-hub) (3.20.2)
Requirement already satisfied: hf-xet<2.0.0,>=1.2.0 in c:\users\sweth\onedrive\desktop\tech\techgium-autodub\backend\multilingual-dubbing-main\multilingual-dubbing-main\venv311\lib\site-packages (from huggingface-hub) (1.2.0)
Requirement already satisfied: shellingham in c:\users\sweth\onedrive\desktop\tech\techgium-autodub\backend\multilingual-dubbing-main\multilingual-dubbing-main\venv311\lib\site-packages (from huggingface-hub) (1.5.4)
Requirement already satisfied: typer-slim in c:\users\sweth\onedrive\desktop\tech\techgium-autodub\backend\multilingual-dubbing-main\multilingual-dubbing-main\venv311\lib\site-packages (from huggingface-hub) (0.21.1)
Requirement already satisfied: idna>=2.8 in c:\users\sweth\onedrive\desktop\tech\techgium-autodub\backend\multilingual-dubbing-main\multilingual-dubbing-main\venv311\lib\site-packages (from anyio<5.0,>=3.0->gradio>=5.6.0) (3.11)
Collecting annotated-doc>=0.0.2 (from fastapi<1.0,>=0.115.2->gradio>=5.6.0)
  Using cached annotated_doc-0.0.4-py3-none-any.whl.metadata (6.6 kB)
Requirement already satisfied: certifi in c:\users\sweth\onedrive\desktop\tech\techgium-autodub\backend\multilingual-dubbing-main\multilingual-dubbing-main\venv311\lib\site-packages (from httpx<1.0,>=0.24.1->gradio>=5.6.0) (2026.1.4)
Requirement already satisfied: httpcore==1.* in c:\users\sweth\onedrive\desktop\tech\techgium-autodub\backend\multilingual-dubbing-main\multilingual-dubbing-main\venv311\lib\site-packages (from httpx<1.0,>=0.24.1->gradio>=5.6.0) (1.0.9)
Requirement already satisfied: h11>=0.16 in c:\users\sweth\onedrive\desktop\tech\techgium-autodub\backend\multilingual-dubbing-main\multilingual-dubbing-main\venv311\lib\site-packages (from httpcore==1.*->httpx<1.0,>=0.24.1->gradio>=5.6.0) (0.16.0)
Collecting python-dateutil>=2.8.2 (from pandas<3.0,>=1.0->gradio>=5.6.0)
  Using cached python_dateutil-2.9.0.post0-py2.py3-none-any.whl.metadata (8.4 kB)
Collecting pytz>=2020.1 (from pandas<3.0,>=1.0->gradio>=5.6.0)
  Using cached pytz-2025.2-py2.py3-none-any.whl.metadata (22 kB)
Collecting tzdata>=2022.7 (from pandas<3.0,>=1.0->gradio>=5.6.0)
  Using cached tzdata-2025.3-py2.py3-none-any.whl.metadata (1.4 kB)
Collecting annotated-types>=0.6.0 (from pydantic<=3.0,>=2.0->gradio>=5.6.0)
  Using cached annotated_types-0.7.0-py3-none-any.whl.metadata (15 kB)
Collecting pydantic-core==2.41.5 (from pydantic<=3.0,>=2.0->gradio>=5.6.0)
  Using cached pydantic_core-2.41.5-cp311-cp311-win_amd64.whl.metadata (7.4 kB)
Collecting typing-inspection>=0.4.2 (from pydantic<=3.0,>=2.0->gradio>=5.6.0)
  Using cached typing_inspection-0.4.2-py3-none-any.whl.metadata (2.6 kB)
Collecting rich>=10.11.0 (from typer<1.0,>=0.12->gradio>=5.6.0)
  Using cached rich-14.2.0-py3-none-any.whl.metadata (18 kB)
Requirement already satisfied: torch in c:\users\sweth\onedrive\desktop\tech\techgium-autodub\backend\multilingual-dubbing-main\multilingual-dubbing-main\venv311\lib\site-packages (from kokoro>=0.8.4) (2.9.1)
Collecting addict (from misaki)
  Using cached addict-2.4.0-py3-none-any.whl.metadata (1.0 kB)
Collecting regex (from misaki)
  Using cached regex-2025.11.3-cp311-cp311-win_amd64.whl.metadata (41 kB)
Requirement already satisfied: colorama in c:\users\sweth\onedrive\desktop\tech\techgium-autodub\backend\multilingual-dubbing-main\multilingual-dubbing-main\venv311\lib\site-packages (from tqdm) (0.4.6)
Collecting beartype<0.19.0,>=0.18.5 (from audio-separator)
  Using cached beartype-0.18.5-py3-none-any.whl.metadata (30 kB)
Collecting diffq-fixed>=0.2 (from audio-separator)
  Downloading diffq_fixed-0.2.4-cp311-cp311-win_amd64.whl.metadata (8.8 kB)
Collecting einops>=0.7 (from audio-separator)
  Using cached einops-0.8.1-py3-none-any.whl.metadata (13 kB)
Collecting julius>=0.2 (from audio-separator)
  Using cached julius-0.2.7.tar.gz (59 kB)
  Installing build dependencies: started
  Installing build dependencies: finished with status 'done'
  Getting requirements to build wheel: started
  Getting requirements to build wheel: finished with status 'done'
  Preparing metadata (pyproject.toml): started
  Preparing metadata (pyproject.toml): finished with status 'done'
Collecting ml_collections (from audio-separator)
  Downloading ml_collections-1.1.0-py3-none-any.whl.metadata (22 kB)
Collecting onnx-weekly (from audio-separator)
  Downloading onnx_weekly-1.21.0.dev20260108-cp311-cp311-win_amd64.whl.metadata (8.7 kB)
Collecting onnx2torch-py313>=1.6 (from audio-separator)
  Downloading onnx2torch_py313-1.6.0-py3-none-any.whl.metadata (23 kB)
Collecting requests>=2 (from audio-separator)
  Using cached requests-2.32.5-py3-none-any.whl.metadata (4.9 kB)
Collecting resampy>=0.4 (from audio-separator)
  Using cached resampy-0.4.3-py3-none-any.whl.metadata (3.0 kB)
Collecting rotary-embedding-torch<0.7.0,>=0.6.1 (from audio-separator)
  Using cached rotary_embedding_torch-0.6.5-py3-none-any.whl.metadata (678 bytes)
Collecting samplerate==0.1.0 (from audio-separator)
  Using cached samplerate-0.1.0-py2.py3-none-any.whl.metadata (3.2 kB)
Collecting scipy<2.0.0,>=1.13.0 (from audio-separator)
  Using cached scipy-1.16.3-cp311-cp311-win_amd64.whl.metadata (60 kB)
Collecting six>=1.16 (from audio-separator)
  Using cached six-1.17.0-py2.py3-none-any.whl.metadata (1.7 kB)
Collecting cffi>=1.0.0 (from samplerate==0.1.0->audio-separator)
  Using cached cffi-2.0.0-cp311-cp311-win_amd64.whl.metadata (2.6 kB)
Collecting progress (from static-ffmpeg)
  Using cached progress-1.6.1-py3-none-any.whl.metadata (4.3 kB)
Collecting twine>=3.8.0 (from static-ffmpeg)
  Using cached twine-6.2.0-py3-none-any.whl.metadata (3.6 kB)
Collecting huggingface-hub
  Using cached huggingface_hub-0.36.0-py3-none-any.whl.metadata (14 kB)
Requirement already satisfied: tokenizers<=0.23.0,>=0.22.0 in c:\users\sweth\onedrive\desktop\tech\techgium-autodub\backend\multilingual-dubbing-main\multilingual-dubbing-main\venv311\lib\site-packages (from transformers) (0.22.2)
Collecting safetensors>=0.4.3 (from transformers)
  Using cached safetensors-0.7.0-cp38-abi3-win_amd64.whl.metadata (4.2 kB)
Collecting docopt>=0.6.2 (from num2words)
  Using cached docopt-0.6.2.tar.gz (25 kB)
  Installing build dependencies: started
  Installing build dependencies: finished with status 'done'
  Getting requirements to build wheel: started
  Getting requirements to build wheel: finished with status 'done'
  Preparing metadata (pyproject.toml): started
  Preparing metadata (pyproject.toml): finished with status 'done'
Collecting spacy-legacy<3.1.0,>=3.0.11 (from spacy)
  Using cached spacy_legacy-3.0.12-py2.py3-none-any.whl.metadata (2.8 kB)
Collecting spacy-loggers<2.0.0,>=1.0.0 (from spacy)
  Using cached spacy_loggers-1.0.5-py3-none-any.whl.metadata (23 kB)
Collecting murmurhash<1.1.0,>=0.28.0 (from spacy)
  Downloading murmurhash-1.0.15-cp311-cp311-win_amd64.whl.metadata (2.3 kB)
Collecting cymem<2.1.0,>=2.0.2 (from spacy)
  Downloading cymem-2.0.13-cp311-cp311-win_amd64.whl.metadata (9.9 kB)
Collecting preshed<3.1.0,>=3.0.2 (from spacy)
  Downloading preshed-3.0.12-cp311-cp311-win_amd64.whl.metadata (2.6 kB)
Collecting thinc<8.4.0,>=8.3.4 (from spacy)
  Downloading thinc-8.3.10-cp311-cp311-win_amd64.whl.metadata (15 kB)
Collecting wasabi<1.2.0,>=0.9.1 (from spacy)
  Using cached wasabi-1.1.3-py3-none-any.whl.metadata (28 kB)
Collecting srsly<3.0.0,>=2.4.3 (from spacy)
  Downloading srsly-2.5.2-cp311-cp311-win_amd64.whl.metadata (20 kB)
Collecting catalogue<2.1.0,>=2.0.6 (from spacy)
  Using cached catalogue-2.0.10-py3-none-any.whl.metadata (14 kB)
Collecting weasel<0.5.0,>=0.4.2 (from spacy)
  Using cached weasel-0.4.3-py3-none-any.whl.metadata (4.6 kB)
Requirement already satisfied: setuptools in c:\users\sweth\onedrive\desktop\tech\techgium-autodub\backend\multilingual-dubbing-main\multilingual-dubbing-main\venv311\lib\site-packages (from spacy) (65.5.0)
Collecting charset_normalizer<4,>=2 (from requests>=2->audio-separator)
  Using cached charset_normalizer-3.4.4-cp311-cp311-win_amd64.whl.metadata (38 kB)
Collecting urllib3<3,>=1.21.1 (from requests>=2->audio-separator)
  Using cached urllib3-2.6.3-py3-none-any.whl.metadata (6.9 kB)
Collecting blis<1.4.0,>=1.3.0 (from thinc<8.4.0,>=8.3.4->spacy)
  Downloading blis-1.3.3-cp311-cp311-win_amd64.whl.metadata (7.7 kB)
Collecting confection<1.0.0,>=0.0.1 (from thinc<8.4.0,>=8.3.4->spacy)
  Using cached confection-0.1.5-py3-none-any.whl.metadata (19 kB)
Collecting cloudpathlib<1.0.0,>=0.7.0 (from weasel<0.5.0,>=0.4.2->spacy)
  Using cached cloudpathlib-0.23.0-py3-none-any.whl.metadata (16 kB)
Collecting smart-open<8.0.0,>=5.2.1 (from weasel<0.5.0,>=0.4.2->spacy)
  Using cached smart_open-7.5.0-py3-none-any.whl.metadata (24 kB)
Collecting wrapt (from smart-open<8.0.0,>=5.2.1->weasel<0.5.0,>=0.4.2->spacy)
  Downloading wrapt-2.0.1-cp311-cp311-win_amd64.whl.metadata (9.2 kB)
Collecting joblib (from phonemizer)
  Using cached joblib-1.5.3-py3-none-any.whl.metadata (5.5 kB)
Collecting segments (from phonemizer)
  Using cached segments-2.3.0-py2.py3-none-any.whl.metadata (3.5 kB)
Collecting attrs>=18.1 (from phonemizer)
  Using cached attrs-25.4.0-py3-none-any.whl.metadata (10 kB)
Collecting dlinfo (from phonemizer)
  Using cached dlinfo-2.0.0-py3-none-any.whl.metadata (1.1 kB)
Collecting win32-setctime>=1.0.0 (from loguru)
  Using cached win32_setctime-1.2.0-py3-none-any.whl.metadata (2.4 kB)
Collecting chardet (from pysrt)
  Using cached chardet-5.2.0-py3-none-any.whl.metadata (3.4 kB)
Collecting beautifulsoup4<5.0.0,>=4.9.1 (from deep_translator)
  Using cached beautifulsoup4-4.14.3-py3-none-any.whl.metadata (3.8 kB)
Collecting soupsieve>=1.6.1 (from beautifulsoup4<5.0.0,>=4.9.1->deep_translator)
  Using cached soupsieve-2.8.1-py3-none-any.whl.metadata (4.6 kB)
Collecting aiohttp<4.0.0,>=3.8.0 (from edge-tts)
  Using cached aiohttp-3.13.3-cp311-cp311-win_amd64.whl.metadata (8.4 kB)
Collecting tabulate<1.0.0,>=0.4.4 (from edge-tts)
  Using cached tabulate-0.9.0-py3-none-any.whl.metadata (34 kB)
Collecting aiohappyeyeballs>=2.5.0 (from aiohttp<4.0.0,>=3.8.0->edge-tts)
  Using cached aiohappyeyeballs-2.6.1-py3-none-any.whl.metadata (5.9 kB)
Collecting aiosignal>=1.4.0 (from aiohttp<4.0.0,>=3.8.0->edge-tts)
  Using cached aiosignal-1.4.0-py3-none-any.whl.metadata (3.7 kB)
Collecting frozenlist>=1.1.1 (from aiohttp<4.0.0,>=3.8.0->edge-tts)
  Using cached frozenlist-1.8.0-cp311-cp311-win_amd64.whl.metadata (21 kB)
Collecting multidict<7.0,>=4.5 (from aiohttp<4.0.0,>=3.8.0->edge-tts)
  Using cached multidict-6.7.0-cp311-cp311-win_amd64.whl.metadata (5.5 kB)
Collecting propcache>=0.2.0 (from aiohttp<4.0.0,>=3.8.0->edge-tts)
  Using cached propcache-0.4.1-cp311-cp311-win_amd64.whl.metadata (14 kB)
Collecting yarl<2.0,>=1.17.0 (from aiohttp<4.0.0,>=3.8.0->edge-tts)
  Using cached yarl-1.22.0-cp311-cp311-win_amd64.whl.metadata (77 kB)
Collecting audioread>=2.1.9 (from librosa)
  Using cached audioread-3.1.0-py3-none-any.whl.metadata (9.0 kB)
Collecting numba>=0.51.0 (from librosa)
  Using cached numba-0.63.1-cp311-cp311-win_amd64.whl.metadata (2.8 kB)
Collecting scikit-learn>=1.1.0 (from librosa)
  Using cached scikit_learn-1.8.0-cp311-cp311-win_amd64.whl.metadata (11 kB)
Collecting decorator>=4.3.0 (from librosa)
  Using cached decorator-5.2.1-py3-none-any.whl.metadata (3.9 kB)
Collecting pooch>=1.1 (from librosa)
  Using cached pooch-1.8.2-py3-none-any.whl.metadata (10 kB)
Collecting soxr>=0.3.2 (from librosa)
  Using cached soxr-1.0.0-cp311-cp311-win_amd64.whl.metadata (5.6 kB)
Collecting lazy_loader>=0.1 (from librosa)
  Using cached lazy_loader-0.4-py3-none-any.whl.metadata (7.6 kB)
Collecting msgpack>=1.0 (from librosa)
  Using cached msgpack-1.1.2-cp311-cp311-win_amd64.whl.metadata (8.4 kB)
Collecting pycparser (from cffi>=1.0.0->samplerate==0.1.0->audio-separator)
  Using cached pycparser-2.23-py3-none-any.whl.metadata (993 bytes)
Collecting Cython (from diffq-fixed>=0.2->audio-separator)
  Using cached cython-3.2.4-cp311-cp311-win_amd64.whl.metadata (7.7 kB)
Collecting espeakng-loader (from misaki[en]>=0.9.4->kokoro>=0.8.4)
  Using cached espeakng_loader-0.2.4-py3-none-win_amd64.whl.metadata (1.3 kB)
Collecting phonemizer-fork (from misaki[en]>=0.9.4->kokoro>=0.8.4)
  Using cached phonemizer_fork-3.3.2-py3-none-any.whl.metadata (48 kB)
Collecting spacy-curated-transformers (from misaki[en]>=0.9.4->kokoro>=0.8.4)
  Using cached spacy_curated_transformers-2.1.2-py2.py3-none-any.whl.metadata (2.8 kB)
Collecting llvmlite<0.47,>=0.46.0dev0 (from numba>=0.51.0->librosa)
  Downloading llvmlite-0.46.0-cp311-cp311-win_amd64.whl.metadata (4.9 kB)
Collecting numpy<3.0,>=1.0 (from gradio>=5.6.0)
  Downloading numpy-2.3.5-cp311-cp311-win_amd64.whl.metadata (60 kB)
Collecting torchvision>=0.9.0 (from onnx2torch-py313>=1.6->audio-separator)
  Downloading torchvision-0.24.1-cp311-cp311-win_amd64.whl.metadata (5.9 kB)
Collecting platformdirs>=2.5.0 (from pooch>=1.1->librosa)
  Downloading platformdirs-4.5.1-py3-none-any.whl.metadata (12 kB)
Collecting markdown-it-py>=2.2.0 (from rich>=10.11.0->typer<1.0,>=0.12->gradio>=5.6.0)
  Downloading markdown_it_py-4.0.0-py3-none-any.whl.metadata (7.3 kB)
Collecting pygments<3.0.0,>=2.13.0 (from rich>=10.11.0->typer<1.0,>=0.12->gradio>=5.6.0)
  Using cached pygments-2.19.2-py3-none-any.whl.metadata (2.5 kB)
Collecting mdurl~=0.1 (from markdown-it-py>=2.2.0->rich>=10.11.0->typer<1.0,>=0.12->gradio>=5.6.0)
  Using cached mdurl-0.1.2-py3-none-any.whl.metadata (1.6 kB)
Collecting threadpoolctl>=3.2.0 (from scikit-learn>=1.1.0->librosa)
  Using cached threadpoolctl-3.6.0-py3-none-any.whl.metadata (13 kB)
Requirement already satisfied: sympy>=1.13.3 in c:\users\sweth\onedrive\desktop\tech\techgium-autodub\backend\multilingual-dubbing-main\multilingual-dubbing-main\venv311\lib\site-packages (from torch->kokoro>=0.8.4) (1.14.0)
Requirement already satisfied: networkx>=2.5.1 in c:\users\sweth\onedrive\desktop\tech\techgium-autodub\backend\multilingual-dubbing-main\multilingual-dubbing-main\venv311\lib\site-packages (from torch->kokoro>=0.8.4) (3.6.1)
Requirement already satisfied: mpmath<1.4,>=1.1.0 in c:\users\sweth\onedrive\desktop\tech\techgium-autodub\backend\multilingual-dubbing-main\multilingual-dubbing-main\venv311\lib\site-packages (from sympy>=1.13.3->torch->kokoro>=0.8.4) (1.3.0)
Collecting readme-renderer>=35.0 (from twine>=3.8.0->static-ffmpeg)
  Using cached readme_renderer-44.0-py3-none-any.whl.metadata (2.8 kB)
Collecting requests-toolbelt!=0.9.0,>=0.8.0 (from twine>=3.8.0->static-ffmpeg)
  Using cached requests_toolbelt-1.0.0-py2.py3-none-any.whl.metadata (14 kB)
Collecting keyring>=21.2.0 (from twine>=3.8.0->static-ffmpeg)
  Using cached keyring-25.7.0-py3-none-any.whl.metadata (21 kB)
Collecting rfc3986>=1.4.0 (from twine>=3.8.0->static-ffmpeg)
  Using cached rfc3986-2.0.0-py2.py3-none-any.whl.metadata (6.6 kB)
Collecting id (from twine>=3.8.0->static-ffmpeg)
  Using cached id-1.5.0-py3-none-any.whl.metadata (5.2 kB)
Collecting pywin32-ctypes>=0.2.0 (from keyring>=21.2.0->twine>=3.8.0->static-ffmpeg)
  Using cached pywin32_ctypes-0.2.3-py3-none-any.whl.metadata (3.9 kB)
Collecting importlib_metadata>=4.11.4 (from keyring>=21.2.0->twine>=3.8.0->static-ffmpeg)
  Using cached importlib_metadata-8.7.1-py3-none-any.whl.metadata (4.7 kB)
Collecting jaraco.classes (from keyring>=21.2.0->twine>=3.8.0->static-ffmpeg)
  Using cached jaraco.classes-3.4.0-py3-none-any.whl.metadata (2.6 kB)
Collecting jaraco.functools (from keyring>=21.2.0->twine>=3.8.0->static-ffmpeg)
  Using cached jaraco_functools-4.4.0-py3-none-any.whl.metadata (3.0 kB)
Collecting jaraco.context (from keyring>=21.2.0->twine>=3.8.0->static-ffmpeg)
  Using cached jaraco_context-6.0.2-py3-none-any.whl.metadata (4.3 kB)
Collecting zipp>=3.20 (from importlib_metadata>=4.11.4->keyring>=21.2.0->twine>=3.8.0->static-ffmpeg)
  Using cached zipp-3.23.0-py3-none-any.whl.metadata (3.6 kB)
Collecting nh3>=0.2.14 (from readme-renderer>=35.0->twine>=3.8.0->static-ffmpeg)
  Using cached nh3-0.3.2-cp38-abi3-win_amd64.whl.metadata (2.0 kB)
Collecting docutils>=0.21.2 (from readme-renderer>=35.0->twine>=3.8.0->static-ffmpeg)
  Using cached docutils-0.22.4-py3-none-any.whl.metadata (15 kB)
Collecting more-itertools (from jaraco.classes->keyring>=21.2.0->twine>=3.8.0->static-ffmpeg)
  Using cached more_itertools-10.8.0-py3-none-any.whl.metadata (39 kB)
Collecting backports.tarfile (from jaraco.context->keyring>=21.2.0->twine>=3.8.0->static-ffmpeg)
  Using cached backports.tarfile-1.2.0-py3-none-any.whl.metadata (2.0 kB)
Collecting absl-py (from ml_collections->audio-separator)
  Using cached absl_py-2.3.1-py3-none-any.whl.metadata (3.3 kB)
Requirement already satisfied: protobuf>=4.25.1 in c:\users\sweth\onedrive\desktop\tech\techgium-autodub\backend\multilingual-dubbing-main\multilingual-dubbing-main\venv311\lib\site-packages (from onnx-weekly->audio-separator) (6.33.2)
Collecting ml_dtypes>=0.5.0 (from onnx-weekly->audio-separator)
  Downloading ml_dtypes-0.5.4-cp311-cp311-win_amd64.whl.metadata (9.2 kB)
Collecting csvw>=1.5.6 (from segments->phonemizer)
  Using cached csvw-3.7.0-py2.py3-none-any.whl.metadata (10 kB)
Collecting isodate (from csvw>=1.5.6->segments->phonemizer)
  Using cached isodate-0.7.2-py3-none-any.whl.metadata (11 kB)
Collecting rfc3986>=1.4.0 (from twine>=3.8.0->static-ffmpeg)
  Using cached rfc3986-1.5.0-py2.py3-none-any.whl.metadata (6.5 kB)
Collecting uritemplate>=3.0.0 (from csvw>=1.5.6->segments->phonemizer)
  Using cached uritemplate-4.2.0-py3-none-any.whl.metadata (2.6 kB)
Collecting babel (from csvw>=1.5.6->segments->phonemizer)
  Using cached babel-2.17.0-py3-none-any.whl.metadata (2.0 kB)
Collecting language-tags (from csvw>=1.5.6->segments->phonemizer)
  Using cached language_tags-1.2.0-py3-none-any.whl.metadata (2.1 kB)
Collecting rdflib (from csvw>=1.5.6->segments->phonemizer)
  Using cached rdflib-7.5.0-py3-none-any.whl.metadata (12 kB)
Collecting termcolor (from csvw>=1.5.6->segments->phonemizer)
  Downloading termcolor-3.3.0-py3-none-any.whl.metadata (6.5 kB)
Collecting jsonschema (from csvw>=1.5.6->segments->phonemizer)
  Downloading jsonschema-4.26.0-py3-none-any.whl.metadata (7.6 kB)
Collecting jsonschema-specifications>=2023.03.6 (from jsonschema->csvw>=1.5.6->segments->phonemizer)
  Using cached jsonschema_specifications-2025.9.1-py3-none-any.whl.metadata (2.9 kB)
Collecting referencing>=0.28.4 (from jsonschema->csvw>=1.5.6->segments->phonemizer)
  Downloading referencing-0.37.0-py3-none-any.whl.metadata (2.8 kB)
Collecting rpds-py>=0.25.0 (from jsonschema->csvw>=1.5.6->segments->phonemizer)
  Downloading rpds_py-0.30.0-cp311-cp311-win_amd64.whl.metadata (4.2 kB)
Collecting pyparsing<4,>=2.1.0 (from rdflib->csvw>=1.5.6->segments->phonemizer)
  Using cached pyparsing-3.3.1-py3-none-any.whl.metadata (5.6 kB)
Collecting curated-transformers<3.0.0,>=2.0.0 (from spacy-curated-transformers->misaki[en]>=0.9.4->kokoro>=0.8.4)
  Using cached curated_transformers-2.0.1-py2.py3-none-any.whl.metadata (5.3 kB)
Collecting curated-tokenizers<3.0.0,>=2.0.0 (from spacy-curated-transformers->misaki[en]>=0.9.4->kokoro>=0.8.4)
  Downloading curated_tokenizers-2.0.0-cp311-cp311-win_amd64.whl.metadata (2.0 kB)
INFO: pip is looking at multiple versions of spacy-curated-transformers to determine which version is compatible with other requirements. This could take a while.
Collecting spacy-curated-transformers (from misaki[en]>=0.9.4->kokoro>=0.8.4)
  Using cached spacy_curated_transformers-2.1.1-py2.py3-none-any.whl.metadata (2.8 kB)
Collecting spacy
  Downloading spacy-4.0.0.dev3-cp311-cp311-win_amd64.whl.metadata (26 kB)
Collecting spacy-curated-transformers (from misaki[en]>=0.9.4->kokoro>=0.8.4)
  Using cached spacy_curated_transformers-2.0.0-py2.py3-none-any.whl.metadata (2.8 kB)
  Using cached spacy_curated_transformers-0.3.1-py2.py3-none-any.whl.metadata (2.7 kB)
Collecting curated-transformers<0.2.0,>=0.1.0 (from spacy-curated-transformers->misaki[en]>=0.9.4->kokoro>=0.8.4)
  Using cached curated_transformers-0.1.1-py2.py3-none-any.whl.metadata (965 bytes)
Collecting curated-tokenizers<0.1.0,>=0.0.9 (from spacy-curated-transformers->misaki[en]>=0.9.4->kokoro>=0.8.4)
  Downloading curated_tokenizers-0.0.9-cp311-cp311-win_amd64.whl.metadata (2.0 kB)
Downloading gradio-6.2.0-py3-none-any.whl (23.0 MB)
   ---------------------------------------- 23.0/23.0 MB 3.2 MB/s  0:00:07
Downloading gradio_client-2.0.2-py3-none-any.whl (55 kB)
Downloading aiofiles-24.1.0-py3-none-any.whl (15 kB)
Using cached fastapi-0.128.0-py3-none-any.whl (103 kB)
Downloading groovy-0.1.2-py3-none-any.whl (14 kB)
Downloading orjson-3.11.5-cp311-cp311-win_amd64.whl (133 kB)
Downloading pandas-2.3.3-cp311-cp311-win_amd64.whl (11.3 MB)
   ---------------------------------------- 11.3/11.3 MB 2.6 MB/s  0:00:04
Downloading pillow-12.1.0-cp311-cp311-win_amd64.whl (7.0 MB)
   ---------------------------------------- 7.0/7.0 MB 3.3 MB/s  0:00:02
Using cached pydantic-2.12.5-py3-none-any.whl (463 kB)
Downloading pydantic_core-2.41.5-cp311-cp311-win_amd64.whl (2.0 MB)
   ---------------------------------------- 2.0/2.0 MB 5.1 MB/s  0:00:00
Downloading safehttpx-0.1.7-py3-none-any.whl (9.0 kB)
Using cached semantic_version-2.10.0-py2.py3-none-any.whl (15 kB)
Downloading starlette-0.50.0-py3-none-any.whl (74 kB)
Downloading tomlkit-0.13.3-py3-none-any.whl (38 kB)
Using cached typer-0.21.1-py3-none-any.whl (47 kB)
Downloading kokoro-0.9.4-py3-none-any.whl (32 kB)
Using cached misaki-0.9.4-py3-none-any.whl (3.6 MB)
Using cached pydub-0.25.1-py2.py3-none-any.whl (32 kB)
Downloading audio_separator-0.40.0-py3-none-any.whl (385 kB)
Using cached samplerate-0.1.0-py2.py3-none-any.whl (4.0 MB)
Using cached beartype-0.18.5-py3-none-any.whl (917 kB)
Using cached rotary_embedding_torch-0.6.5-py3-none-any.whl (5.5 kB)
Downloading scipy-1.16.3-cp311-cp311-win_amd64.whl (38.7 MB)
   ---------------------------------------- 38.7/38.7 MB 2.7 MB/s  0:00:14
Using cached static_ffmpeg-2.13-py3-none-any.whl (7.6 kB)
Using cached transformers-4.57.3-py3-none-any.whl (12.0 MB)
Using cached huggingface_hub-0.36.0-py3-none-any.whl (566 kB)
Using cached num2words-0.5.14-py3-none-any.whl (163 kB)
Downloading spacy-3.8.11-cp311-cp311-win_amd64.whl (15.3 MB)
   ---------------------------------------- 15.3/15.3 MB 4.0 MB/s  0:00:03
Using cached catalogue-2.0.10-py3-none-any.whl (17 kB)
Downloading cymem-2.0.13-cp311-cp311-win_amd64.whl (40 kB)
Downloading murmurhash-1.0.15-cp311-cp311-win_amd64.whl (25 kB)
Downloading preshed-3.0.12-cp311-cp311-win_amd64.whl (117 kB)
Using cached requests-2.32.5-py3-none-any.whl (64 kB)
Downloading charset_normalizer-3.4.4-cp311-cp311-win_amd64.whl (106 kB)
Using cached spacy_legacy-3.0.12-py2.py3-none-any.whl (29 kB)
Using cached spacy_loggers-1.0.5-py3-none-any.whl (22 kB)
Downloading srsly-2.5.2-cp311-cp311-win_amd64.whl (654 kB)
   ---------------------------------------- 654.1/654.1 kB 2.3 MB/s  0:00:00
Downloading thinc-8.3.10-cp311-cp311-win_amd64.whl (1.8 MB)
   ---------------------------------------- 1.8/1.8 MB 3.0 MB/s  0:00:00
Downloading blis-1.3.3-cp311-cp311-win_amd64.whl (6.2 MB)
   ---------------------------------------- 6.2/6.2 MB 3.1 MB/s  0:00:02
Using cached confection-0.1.5-py3-none-any.whl (35 kB)
Using cached urllib3-2.6.3-py3-none-any.whl (131 kB)
Using cached wasabi-1.1.3-py3-none-any.whl (27 kB)
Using cached weasel-0.4.3-py3-none-any.whl (50 kB)
Using cached cloudpathlib-0.23.0-py3-none-any.whl (62 kB)
Using cached smart_open-7.5.0-py3-none-any.whl (63 kB)
Using cached phonemizer-3.3.0-py3-none-any.whl (103 kB)
Using cached loguru-0.7.3-py3-none-any.whl (61 kB)
Using cached deep_translator-1.11.4-py3-none-any.whl (42 kB)
Using cached beautifulsoup4-4.14.3-py3-none-any.whl (107 kB)
Using cached edge_tts-7.2.7-py3-none-any.whl (30 kB)
Downloading aiohttp-3.13.3-cp311-cp311-win_amd64.whl (457 kB)
Downloading multidict-6.7.0-cp311-cp311-win_amd64.whl (46 kB)
Using cached tabulate-0.9.0-py3-none-any.whl (35 kB)
Downloading yarl-1.22.0-cp311-cp311-win_amd64.whl (86 kB)
Using cached nltk-3.9.2-py3-none-any.whl (1.5 MB)
Using cached soundfile-0.13.1-py2.py3-none-win_amd64.whl (1.0 MB)
Using cached librosa-0.11.0-py3-none-any.whl (260 kB)
Using cached aiohappyeyeballs-2.6.1-py3-none-any.whl (15 kB)
Using cached aiosignal-1.4.0-py3-none-any.whl (7.5 kB)
Using cached annotated_doc-0.0.4-py3-none-any.whl (5.3 kB)
Using cached annotated_types-0.7.0-py3-none-any.whl (13 kB)
Using cached attrs-25.4.0-py3-none-any.whl (67 kB)
Using cached audioread-3.1.0-py3-none-any.whl (23 kB)
Downloading brotli-1.2.0-cp311-cp311-win_amd64.whl (369 kB)
Downloading cffi-2.0.0-cp311-cp311-win_amd64.whl (182 kB)
Using cached decorator-5.2.1-py3-none-any.whl (9.2 kB)
Downloading diffq_fixed-0.2.4-cp311-cp311-win_amd64.whl (106 kB)
Using cached einops-0.8.1-py3-none-any.whl (64 kB)
Downloading frozenlist-1.8.0-cp311-cp311-win_amd64.whl (44 kB)
Using cached joblib-1.5.3-py3-none-any.whl (309 kB)
Using cached lazy_loader-0.4-py3-none-any.whl (12 kB)
Downloading msgpack-1.1.2-cp311-cp311-win_amd64.whl (71 kB)
Downloading numba-0.63.1-cp311-cp311-win_amd64.whl (2.7 MB)
   ---------------------------------------- 2.7/2.7 MB 3.1 MB/s  0:00:00
Downloading llvmlite-0.46.0-cp311-cp311-win_amd64.whl (38.1 MB)
   ---------------------------------------- 38.1/38.1 MB 4.0 MB/s  0:00:09
Downloading numpy-2.3.5-cp311-cp311-win_amd64.whl (13.1 MB)
   ---------------------------------------- 13.1/13.1 MB 3.7 MB/s  0:00:03
Downloading onnx2torch_py313-1.6.0-py3-none-any.whl (81 kB)
Using cached pooch-1.8.2-py3-none-any.whl (64 kB)
Downloading platformdirs-4.5.1-py3-none-any.whl (18 kB)
Downloading propcache-0.4.1-cp311-cp311-win_amd64.whl (41 kB)
Using cached python_dateutil-2.9.0.post0-py2.py3-none-any.whl (229 kB)
Downloading python_multipart-0.0.21-py3-none-any.whl (24 kB)
Using cached pytz-2025.2-py2.py3-none-any.whl (509 kB)
Downloading regex-2025.11.3-cp311-cp311-win_amd64.whl (277 kB)
Using cached resampy-0.4.3-py3-none-any.whl (3.1 MB)
Using cached rich-14.2.0-py3-none-any.whl (243 kB)
Using cached pygments-2.19.2-py3-none-any.whl (1.2 MB)
Downloading markdown_it_py-4.0.0-py3-none-any.whl (87 kB)
Using cached mdurl-0.1.2-py3-none-any.whl (10.0 kB)
Using cached safetensors-0.7.0-cp38-abi3-win_amd64.whl (341 kB)
Downloading scikit_learn-1.8.0-cp311-cp311-win_amd64.whl (8.1 MB)
   ---------------------------------------- 8.1/8.1 MB 3.9 MB/s  0:00:02
Using cached six-1.17.0-py2.py3-none-any.whl (11 kB)
Using cached soupsieve-2.8.1-py3-none-any.whl (36 kB)
Downloading soxr-1.0.0-cp311-cp311-win_amd64.whl (173 kB)
Using cached threadpoolctl-3.6.0-py3-none-any.whl (18 kB)
Downloading torchvision-0.24.1-cp311-cp311-win_amd64.whl (4.0 MB)
   ---------------------------------------- 4.0/4.0 MB 4.2 MB/s  0:00:00
Using cached twine-6.2.0-py3-none-any.whl (42 kB)
Using cached keyring-25.7.0-py3-none-any.whl (39 kB)
Using cached importlib_metadata-8.7.1-py3-none-any.whl (27 kB)
Using cached pywin32_ctypes-0.2.3-py3-none-any.whl (30 kB)
Using cached readme_renderer-44.0-py3-none-any.whl (13 kB)
Using cached docutils-0.22.4-py3-none-any.whl (633 kB)
Using cached nh3-0.3.2-cp38-abi3-win_amd64.whl (596 kB)
Using cached requests_toolbelt-1.0.0-py2.py3-none-any.whl (54 kB)
Using cached typing_inspection-0.4.2-py3-none-any.whl (14 kB)
Using cached tzdata-2025.3-py2.py3-none-any.whl (348 kB)
Downloading uvicorn-0.40.0-py3-none-any.whl (68 kB)
Using cached win32_setctime-1.2.0-py3-none-any.whl (4.1 kB)
Using cached zipp-3.23.0-py3-none-any.whl (10 kB)
Using cached addict-2.4.0-py3-none-any.whl (3.8 kB)
Using cached chardet-5.2.0-py3-none-any.whl (199 kB)
Using cached cython-3.2.4-cp311-cp311-win_amd64.whl (2.8 MB)
Using cached dlinfo-2.0.0-py3-none-any.whl (3.7 kB)
Using cached espeakng_loader-0.2.4-py3-none-win_amd64.whl (9.4 MB)
Using cached ffmpy-1.0.0-py3-none-any.whl (5.6 kB)
Using cached id-1.5.0-py3-none-any.whl (13 kB)
Using cached jaraco.classes-3.4.0-py3-none-any.whl (6.8 kB)
Using cached jaraco_context-6.0.2-py3-none-any.whl (7.0 kB)
Using cached backports.tarfile-1.2.0-py3-none-any.whl (30 kB)
Using cached jaraco_functools-4.4.0-py3-none-any.whl (10 kB)
Downloading ml_collections-1.1.0-py3-none-any.whl (76 kB)
Using cached absl_py-2.3.1-py3-none-any.whl (135 kB)
Using cached more_itertools-10.8.0-py3-none-any.whl (69 kB)
Downloading onnx_weekly-1.21.0.dev20260108-cp311-cp311-win_amd64.whl (16.4 MB)
   ---------------------------------------- 16.4/16.4 MB 2.3 MB/s  0:00:07
Downloading ml_dtypes-0.5.4-cp311-cp311-win_amd64.whl (210 kB)
Using cached phonemizer_fork-3.3.2-py3-none-any.whl (82 kB)
Using cached progress-1.6.1-py3-none-any.whl (9.8 kB)
Using cached pycparser-2.23-py3-none-any.whl (118 kB)
Using cached segments-2.3.0-py2.py3-none-any.whl (15 kB)
Using cached csvw-3.7.0-py2.py3-none-any.whl (60 kB)
Using cached rfc3986-1.5.0-py2.py3-none-any.whl (31 kB)
Using cached uritemplate-4.2.0-py3-none-any.whl (11 kB)
Using cached babel-2.17.0-py3-none-any.whl (10.2 MB)
Using cached isodate-0.7.2-py3-none-any.whl (22 kB)
Downloading jsonschema-4.26.0-py3-none-any.whl (90 kB)
Using cached jsonschema_specifications-2025.9.1-py3-none-any.whl (18 kB)
Downloading referencing-0.37.0-py3-none-any.whl (26 kB)
Downloading rpds_py-0.30.0-cp311-cp311-win_amd64.whl (236 kB)
Using cached language_tags-1.2.0-py3-none-any.whl (213 kB)
Using cached rdflib-7.5.0-py3-none-any.whl (587 kB)
Using cached pyparsing-3.3.1-py3-none-any.whl (121 kB)
Using cached spacy_curated_transformers-0.3.1-py2.py3-none-any.whl (237 kB)
Downloading curated_tokenizers-0.0.9-cp311-cp311-win_amd64.whl (730 kB)
   ---------------------------------------- 730.8/730.8 kB 4.3 MB/s  0:00:00
Using cached curated_transformers-0.1.1-py2.py3-none-any.whl (25 kB)
Downloading termcolor-3.3.0-py3-none-any.whl (7.7 kB)
Downloading wrapt-2.0.1-cp311-cp311-win_amd64.whl (60 kB)
Building wheels for collected packages: pysrt, docopt, julius
  Building wheel for pysrt (pyproject.toml): started
  Building wheel for pysrt (pyproject.toml): finished with status 'done'
  Created wheel for pysrt: filename=pysrt-1.1.2-py3-none-any.whl size=13525 sha256=187970e6dc1c215bac80943234b6cf496354750cfe054cefc0ba5fd0da7a5305
  Stored in directory: c:\users\sweth\appdata\local\pip\cache\wheels\2d\b2\df\ea10959920533975b4a74a25a35e6d79655b63f3006611a99f
  Building wheel for docopt (pyproject.toml): started
  Building wheel for docopt (pyproject.toml): finished with status 'done'
  Created wheel for docopt: filename=docopt-0.6.2-py2.py3-none-any.whl size=13858 sha256=0f1721158007bf3eb3356cccb86f28b66669385d588b3055a46e9d6c57c5a2ea
  Stored in directory: c:\users\sweth\appdata\local\pip\cache\wheels\1a\b0\8c\4b75c4116c31f83c8f9f047231251e13cc74481cca4a78a9ce
  Building wheel for julius (pyproject.toml): started
  Building wheel for julius (pyproject.toml): finished with status 'done'
  Created wheel for julius: filename=julius-0.2.7-py3-none-any.whl size=22017 sha256=8cb49b7d8edfb7bd589976301e90d7728712cb00b9cfb256a67af9ad3338c87b
  Stored in directory: c:\users\sweth\appdata\local\pip\cache\wheels\16\15\d4\edd724cefe78050a6ba3344b8b0c6672db829a799dbb9f81ff
Successfully built pysrt docopt julius
Installing collected packages: rfc3986, pytz, pydub, language-tags, docopt, brotli, addict, zipp, wrapt, win32-setctime, wasabi, urllib3, uritemplate, tzdata, typing-inspection, tomlkit, threadpoolctl, termcolor, tabulate, spacy-loggers, spacy-legacy, soupsieve, six, semantic-version, safetensors, rpds-py, regex, pywin32-ctypes, python-multipart, pyparsing, pygments, pydantic-core, pycparser, propcache, progress, platformdirs, pillow, orjson, numpy, num2words, nh3, murmurhash, multidict, msgpack, more-itertools, mdurl, llvmlite, lazy_loader, joblib, isodate, groovy, frozenlist, ffmpy, espeakng-loader, einops, docutils, dlinfo, decorator, Cython, cymem, cloudpathlib, charset_normalizer, chardet, catalogue, beartype, backports.tarfile, babel, audioread, attrs, annotated-types, annotated-doc, aiohappyeyeballs, aiofiles, absl-py, yarl, uvicorn, starlette, srsly, soxr, smart-open, scipy, requests, referencing, readme-renderer, rdflib, python-dateutil, pysrt, pydantic, preshed, numba, nltk, ml_dtypes, ml_collections, misaki, markdown-it-py, loguru, jaraco.functools, jaraco.context, jaraco.classes, importlib_metadata, curated-tokenizers, cffi, blis, beautifulsoup4, aiosignal, torchvision, soundfile, scikit-learn, samplerate, safehttpx, rotary-embedding-torch, rich, resampy, requests-toolbelt, pooch, pandas, onnx-weekly, keyring, julius, jsonschema-specifications, id, huggingface-hub, fastapi, diffq-fixed, deep_translator, curated-transformers, confection, aiohttp, weasel, typer, twine, thinc, spacy-curated-transformers, onnx2torch-py313, librosa, jsonschema, gradio-client, edge-tts, transformers, static-ffmpeg, spacy, gradio, csvw, audio-separator, segments, phonemizer-fork, phonemizer, kokoro
  Attempting uninstall: numpy
    Found existing installation: numpy 2.4.0
    Uninstalling numpy-2.4.0:
      Successfully uninstalled numpy-2.4.0
