Collecting faster-whisper==1.0.3
  Using cached faster_whisper-1.0.3-py3-none-any.whl.metadata (15 kB)
Collecting torch>=2.1.1
  Using cached torch-2.9.1-cp311-cp311-win_amd64.whl.metadata (30 kB)
Collecting gradio>=5.6.0
  Using cached gradio-6.2.0-py3-none-any.whl.metadata (16 kB)
Collecting click>=8.1.7
  Using cached click-8.3.1-py3-none-any.whl.metadata (2.6 kB)
Collecting pysrt>=1.1.2
  Using cached pysrt-1.1.2.tar.gz (104 kB)
  Installing build dependencies: started
  Installing build dependencies: finished with status 'done'
  Getting requirements to build wheel: started
  Getting requirements to build wheel: finished with status 'done'
  Preparing metadata (pyproject.toml): started
  Preparing metadata (pyproject.toml): finished with status 'done'
Collecting deep_translator==1.11.4
  Using cached deep_translator-1.11.4-py3-none-any.whl.metadata (30 kB)
Collecting edge-tts
  Using cached edge_tts-7.2.7-py3-none-any.whl.metadata (5.5 kB)
Collecting nltk==3.8.1
  Using cached nltk-3.8.1-py3-none-any.whl.metadata (2.8 kB)
Collecting CTranslate2==4.5.0
  Using cached ctranslate2-4.5.0-cp311-cp311-win_amd64.whl.metadata (10 kB)
Collecting kokoro>=0.8.4
  Using cached kokoro-0.9.4-py3-none-any.whl.metadata (21 kB)
Collecting soundfile==0.13.1
  Using cached soundfile-0.13.1-py2.py3-none-win_amd64.whl.metadata (16 kB)
Collecting librosa==0.10.2.post1
  Using cached librosa-0.10.2.post1-py3-none-any.whl.metadata (8.6 kB)
Collecting pydub
  Using cached pydub-0.25.1-py2.py3-none-any.whl.metadata (1.4 kB)
Collecting tqdm
  Using cached tqdm-4.67.1-py3-none-any.whl.metadata (57 kB)
Collecting huggingface-hub
  Using cached huggingface_hub-1.2.4-py3-none-any.whl.metadata (13 kB)
Collecting audio-separator
  Using cached audio_separator-0.40.0-py3-none-any.whl.metadata (36 kB)
Collecting static-ffmpeg
  Using cached static_ffmpeg-2.13-py3-none-any.whl.metadata (6.0 kB)
Collecting transformers
  Using cached transformers-4.57.3-py3-none-any.whl.metadata (43 kB)
Collecting num2words
  Using cached num2words-0.5.14-py3-none-any.whl.metadata (13 kB)
Collecting spacy
  Using cached spacy-3.8.11-cp311-cp311-win_amd64.whl.metadata (28 kB)
Collecting phonemizer
  Using cached phonemizer-3.3.0-py3-none-any.whl.metadata (48 kB)
Collecting loguru
  Using cached loguru-0.7.3-py3-none-any.whl.metadata (22 kB)
Collecting misaki[zh]
  Using cached misaki-0.9.4-py3-none-any.whl.metadata (19 kB)
Collecting av<13,>=11.0 (from faster-whisper==1.0.3)
  Using cached av-12.3.0-cp311-cp311-win_amd64.whl.metadata (4.7 kB)
Collecting tokenizers<1,>=0.13 (from faster-whisper==1.0.3)
  Using cached tokenizers-0.22.2-cp39-abi3-win_amd64.whl.metadata (7.4 kB)
Collecting onnxruntime<2,>=1.14 (from faster-whisper==1.0.3)
  Using cached onnxruntime-1.23.2-cp311-cp311-win_amd64.whl.metadata (5.3 kB)
Requirement already satisfied: setuptools in c:\users\sweth\onedrive\desktop\tech\techgium-autodub\backend\multilingual-dubbing-main\multilingual-dubbing-main\venv311\lib\site-packages (from CTranslate2==4.5.0) (65.5.0)
Collecting numpy (from CTranslate2==4.5.0)
  Using cached numpy-2.4.0-cp311-cp311-win_amd64.whl.metadata (6.6 kB)
Collecting pyyaml<7,>=5.3 (from CTranslate2==4.5.0)
  Using cached pyyaml-6.0.3-cp311-cp311-win_amd64.whl.metadata (2.4 kB)
Collecting beautifulsoup4<5.0.0,>=4.9.1 (from deep_translator==1.11.4)
  Using cached beautifulsoup4-4.14.3-py3-none-any.whl.metadata (3.8 kB)
Collecting requests<3.0.0,>=2.23.0 (from deep_translator==1.11.4)
  Using cached requests-2.32.5-py3-none-any.whl.metadata (4.9 kB)
Collecting joblib (from nltk==3.8.1)
  Using cached joblib-1.5.3-py3-none-any.whl.metadata (5.5 kB)
Collecting regex>=2021.8.3 (from nltk==3.8.1)
  Using cached regex-2025.11.3-cp311-cp311-win_amd64.whl.metadata (41 kB)
Collecting cffi>=1.0 (from soundfile==0.13.1)
  Using cached cffi-2.0.0-cp311-cp311-win_amd64.whl.metadata (2.6 kB)
Collecting audioread>=2.1.9 (from librosa==0.10.2.post1)
  Using cached audioread-3.1.0-py3-none-any.whl.metadata (9.0 kB)
Collecting scipy>=1.2.0 (from librosa==0.10.2.post1)
  Using cached scipy-1.16.3-cp311-cp311-win_amd64.whl.metadata (60 kB)
Collecting scikit-learn>=0.20.0 (from librosa==0.10.2.post1)
  Using cached scikit_learn-1.8.0-cp311-cp311-win_amd64.whl.metadata (11 kB)
Collecting decorator>=4.3.0 (from librosa==0.10.2.post1)
  Using cached decorator-5.2.1-py3-none-any.whl.metadata (3.9 kB)
Collecting numba>=0.51.0 (from librosa==0.10.2.post1)
  Using cached numba-0.63.1-cp311-cp311-win_amd64.whl.metadata (2.8 kB)
Collecting pooch>=1.1 (from librosa==0.10.2.post1)
  Using cached pooch-1.8.2-py3-none-any.whl.metadata (10 kB)
Collecting soxr>=0.3.2 (from librosa==0.10.2.post1)
  Using cached soxr-1.0.0-cp311-cp311-win_amd64.whl.metadata (5.6 kB)
Collecting typing-extensions>=4.1.1 (from librosa==0.10.2.post1)
  Using cached typing_extensions-4.15.0-py3-none-any.whl.metadata (3.3 kB)
Collecting lazy-loader>=0.1 (from librosa==0.10.2.post1)
  Using cached lazy_loader-0.4-py3-none-any.whl.metadata (7.6 kB)
Collecting msgpack>=1.0 (from librosa==0.10.2.post1)
  Using cached msgpack-1.1.2-cp311-cp311-win_amd64.whl.metadata (8.4 kB)
Collecting soupsieve>=1.6.1 (from beautifulsoup4<5.0.0,>=4.9.1->deep_translator==1.11.4)
  Using cached soupsieve-2.8.1-py3-none-any.whl.metadata (4.6 kB)
Collecting coloredlogs (from onnxruntime<2,>=1.14->faster-whisper==1.0.3)
  Using cached coloredlogs-15.0.1-py2.py3-none-any.whl.metadata (12 kB)
Collecting flatbuffers (from onnxruntime<2,>=1.14->faster-whisper==1.0.3)
  Using cached flatbuffers-25.12.19-py2.py3-none-any.whl.metadata (1.0 kB)
Collecting packaging (from onnxruntime<2,>=1.14->faster-whisper==1.0.3)
  Using cached packaging-25.0-py3-none-any.whl.metadata (3.3 kB)
Collecting protobuf (from onnxruntime<2,>=1.14->faster-whisper==1.0.3)
  Using cached protobuf-6.33.2-cp310-abi3-win_amd64.whl.metadata (593 bytes)
Collecting sympy (from onnxruntime<2,>=1.14->faster-whisper==1.0.3)
  Using cached sympy-1.14.0-py3-none-any.whl.metadata (12 kB)
Collecting charset_normalizer<4,>=2 (from requests<3.0.0,>=2.23.0->deep_translator==1.11.4)
  Using cached charset_normalizer-3.4.4-cp311-cp311-win_amd64.whl.metadata (38 kB)
Collecting idna<4,>=2.5 (from requests<3.0.0,>=2.23.0->deep_translator==1.11.4)
  Using cached idna-3.11-py3-none-any.whl.metadata (8.4 kB)
Collecting urllib3<3,>=1.21.1 (from requests<3.0.0,>=2.23.0->deep_translator==1.11.4)
  Using cached urllib3-2.6.3-py3-none-any.whl.metadata (6.9 kB)
Collecting certifi>=2017.4.17 (from requests<3.0.0,>=2.23.0->deep_translator==1.11.4)
  Using cached certifi-2026.1.4-py3-none-any.whl.metadata (2.5 kB)
Collecting filelock (from huggingface-hub)
  Using cached filelock-3.20.2-py3-none-any.whl.metadata (2.1 kB)
Collecting fsspec>=2023.5.0 (from huggingface-hub)
  Using cached fsspec-2025.12.0-py3-none-any.whl.metadata (10 kB)
Collecting hf-xet<2.0.0,>=1.2.0 (from huggingface-hub)
  Using cached hf_xet-1.2.0-cp37-abi3-win_amd64.whl.metadata (5.0 kB)
Collecting httpx<1,>=0.23.0 (from huggingface-hub)
  Using cached httpx-0.28.1-py3-none-any.whl.metadata (7.1 kB)
Collecting shellingham (from huggingface-hub)
  Using cached shellingham-1.5.4-py2.py3-none-any.whl.metadata (3.5 kB)
Collecting typer-slim (from huggingface-hub)
  Using cached typer_slim-0.21.1-py3-none-any.whl.metadata (16 kB)
Collecting anyio (from httpx<1,>=0.23.0->huggingface-hub)
  Using cached anyio-4.12.1-py3-none-any.whl.metadata (4.3 kB)
Collecting httpcore==1.* (from httpx<1,>=0.23.0->huggingface-hub)
  Using cached httpcore-1.0.9-py3-none-any.whl.metadata (21 kB)
Collecting h11>=0.16 (from httpcore==1.*->httpx<1,>=0.23.0->huggingface-hub)
  Using cached h11-0.16.0-py3-none-any.whl.metadata (8.3 kB)
Collecting networkx>=2.5.1 (from torch>=2.1.1)
  Using cached networkx-3.6.1-py3-none-any.whl.metadata (6.8 kB)
Collecting jinja2 (from torch>=2.1.1)
  Using cached jinja2-3.1.6-py3-none-any.whl.metadata (2.9 kB)
Collecting aiofiles<25.0,>=22.0 (from gradio>=5.6.0)
  Using cached aiofiles-24.1.0-py3-none-any.whl.metadata (10 kB)
Collecting brotli>=1.1.0 (from gradio>=5.6.0)
  Using cached brotli-1.2.0-cp311-cp311-win_amd64.whl.metadata (6.3 kB)
Collecting fastapi<1.0,>=0.115.2 (from gradio>=5.6.0)
  Using cached fastapi-0.128.0-py3-none-any.whl.metadata (30 kB)
Collecting ffmpy (from gradio>=5.6.0)
  Using cached ffmpy-1.0.0-py3-none-any.whl.metadata (3.0 kB)
Collecting gradio-client==2.0.2 (from gradio>=5.6.0)
  Using cached gradio_client-2.0.2-py3-none-any.whl.metadata (7.1 kB)
Collecting groovy~=0.1 (from gradio>=5.6.0)
  Using cached groovy-0.1.2-py3-none-any.whl.metadata (6.1 kB)
Collecting markupsafe<4.0,>=2.0 (from gradio>=5.6.0)
  Using cached markupsafe-3.0.3-cp311-cp311-win_amd64.whl.metadata (2.8 kB)
Collecting orjson~=3.0 (from gradio>=5.6.0)
  Using cached orjson-3.11.5-cp311-cp311-win_amd64.whl.metadata (42 kB)
Collecting pandas<3.0,>=1.0 (from gradio>=5.6.0)
  Using cached pandas-2.3.3-cp311-cp311-win_amd64.whl.metadata (19 kB)
Collecting pillow<13.0,>=8.0 (from gradio>=5.6.0)
  Using cached pillow-12.1.0-cp311-cp311-win_amd64.whl.metadata (9.0 kB)
Collecting pydantic<=3.0,>=2.0 (from gradio>=5.6.0)
  Using cached pydantic-2.12.5-py3-none-any.whl.metadata (90 kB)
Collecting python-multipart>=0.0.18 (from gradio>=5.6.0)
  Using cached python_multipart-0.0.21-py3-none-any.whl.metadata (1.8 kB)
Collecting safehttpx<0.2.0,>=0.1.7 (from gradio>=5.6.0)
  Using cached safehttpx-0.1.7-py3-none-any.whl.metadata (4.2 kB)
Collecting semantic-version~=2.0 (from gradio>=5.6.0)
  Using cached semantic_version-2.10.0-py2.py3-none-any.whl.metadata (9.7 kB)
Collecting starlette<1.0,>=0.40.0 (from gradio>=5.6.0)
  Using cached starlette-0.50.0-py3-none-any.whl.metadata (6.3 kB)
Collecting tomlkit<0.14.0,>=0.12.0 (from gradio>=5.6.0)
  Using cached tomlkit-0.13.3-py3-none-any.whl.metadata (2.8 kB)
Collecting typer<1.0,>=0.12 (from gradio>=5.6.0)
  Using cached typer-0.21.1-py3-none-any.whl.metadata (16 kB)
Collecting uvicorn>=0.14.0 (from gradio>=5.6.0)
  Using cached uvicorn-0.40.0-py3-none-any.whl.metadata (6.7 kB)
Collecting annotated-doc>=0.0.2 (from fastapi<1.0,>=0.115.2->gradio>=5.6.0)
  Using cached annotated_doc-0.0.4-py3-none-any.whl.metadata (6.6 kB)
Collecting python-dateutil>=2.8.2 (from pandas<3.0,>=1.0->gradio>=5.6.0)
  Using cached python_dateutil-2.9.0.post0-py2.py3-none-any.whl.metadata (8.4 kB)
Collecting pytz>=2020.1 (from pandas<3.0,>=1.0->gradio>=5.6.0)
  Using cached pytz-2025.2-py2.py3-none-any.whl.metadata (22 kB)
Collecting tzdata>=2022.7 (from pandas<3.0,>=1.0->gradio>=5.6.0)
  Using cached tzdata-2025.3-py2.py3-none-any.whl.metadata (1.4 kB)
Collecting annotated-types>=0.6.0 (from pydantic<=3.0,>=2.0->gradio>=5.6.0)
  Using cached annotated_types-0.7.0-py3-none-any.whl.metadata (15 kB)
Collecting pydantic-core==2.41.5 (from pydantic<=3.0,>=2.0->gradio>=5.6.0)
  Using cached pydantic_core-2.41.5-cp311-cp311-win_amd64.whl.metadata (7.4 kB)
Collecting typing-inspection>=0.4.2 (from pydantic<=3.0,>=2.0->gradio>=5.6.0)
  Using cached typing_inspection-0.4.2-py3-none-any.whl.metadata (2.6 kB)
Collecting rich>=10.11.0 (from typer<1.0,>=0.12->gradio>=5.6.0)
  Using cached rich-14.2.0-py3-none-any.whl.metadata (18 kB)
Collecting colorama (from click>=8.1.7)
  Using cached colorama-0.4.6-py2.py3-none-any.whl.metadata (17 kB)
Collecting chardet (from pysrt>=1.1.2)
  Using cached chardet-5.2.0-py3-none-any.whl.metadata (3.4 kB)
Collecting aiohttp<4.0.0,>=3.8.0 (from edge-tts)
  Using cached aiohttp-3.13.3-cp311-cp311-win_amd64.whl.metadata (8.4 kB)
Collecting tabulate<1.0.0,>=0.4.4 (from edge-tts)
  Using cached tabulate-0.9.0-py3-none-any.whl.metadata (34 kB)
Collecting aiohappyeyeballs>=2.5.0 (from aiohttp<4.0.0,>=3.8.0->edge-tts)
  Using cached aiohappyeyeballs-2.6.1-py3-none-any.whl.metadata (5.9 kB)
Collecting aiosignal>=1.4.0 (from aiohttp<4.0.0,>=3.8.0->edge-tts)
  Using cached aiosignal-1.4.0-py3-none-any.whl.metadata (3.7 kB)
Collecting attrs>=17.3.0 (from aiohttp<4.0.0,>=3.8.0->edge-tts)
  Using cached attrs-25.4.0-py3-none-any.whl.metadata (10 kB)
Collecting frozenlist>=1.1.1 (from aiohttp<4.0.0,>=3.8.0->edge-tts)
  Using cached frozenlist-1.8.0-cp311-cp311-win_amd64.whl.metadata (21 kB)
Collecting multidict<7.0,>=4.5 (from aiohttp<4.0.0,>=3.8.0->edge-tts)
  Using cached multidict-6.7.0-cp311-cp311-win_amd64.whl.metadata (5.5 kB)
Collecting propcache>=0.2.0 (from aiohttp<4.0.0,>=3.8.0->edge-tts)
  Using cached propcache-0.4.1-cp311-cp311-win_amd64.whl.metadata (14 kB)
Collecting yarl<2.0,>=1.17.0 (from aiohttp<4.0.0,>=3.8.0->edge-tts)
  Using cached yarl-1.22.0-cp311-cp311-win_amd64.whl.metadata (77 kB)
Collecting addict (from misaki[zh])
  Using cached addict-2.4.0-py3-none-any.whl.metadata (1.0 kB)
Collecting cn2an (from misaki[zh])
  Using cached cn2an-0.5.23-py3-none-any.whl.metadata (10 kB)
Collecting jieba (from misaki[zh])
  Using cached jieba-0.42.1.tar.gz (19.2 MB)
  Installing build dependencies: started
  Installing build dependencies: finished with status 'done'
  Getting requirements to build wheel: started
  Getting requirements to build wheel: finished with status 'done'
  Preparing metadata (pyproject.toml): started
  Preparing metadata (pyproject.toml): finished with status 'done'
Collecting ordered-set (from misaki[zh])
  Using cached ordered_set-4.1.0-py3-none-any.whl.metadata (5.3 kB)
Collecting pypinyin (from misaki[zh])
  Using cached pypinyin-0.55.0-py2.py3-none-any.whl.metadata (12 kB)
Collecting pypinyin-dict (from misaki[zh])
  Using cached pypinyin_dict-0.9.0-py2.py3-none-any.whl.metadata (3.8 kB)
Collecting fugashi (from misaki[ja])
  Using cached fugashi-1.5.2-cp311-cp311-win_amd64.whl.metadata (7.5 kB)
Collecting jaconv (from misaki[ja])
  Using cached jaconv-0.4.1-py3-none-any.whl.metadata (8.0 kB)
Collecting mojimoji (from misaki[ja])
  Using cached mojimoji-0.0.13-cp311-cp311-win_amd64.whl.metadata (3.6 kB)
Collecting pyopenjtalk (from misaki[ja])
  Using cached pyopenjtalk-0.4.1.tar.gz (1.4 MB)
  Installing build dependencies: started
  Installing build dependencies: finished with status 'done'
  Getting requirements to build wheel: started
